Component: ARM Compiler 5.06 update 6 (build 750) Tool: armlink [4d35ed]

==============================================================================

Section Cross References

    system_stm32f4xx.o(i.SystemCoreClockUpdate) refers to system_stm32f4xx.o(.data) for SystemCoreClock
    system_stm32f4xx.o(i.SystemInit) refers to system_stm32f4xx.o(i.SetSysClock) for SetSysClock
    stm32f4xx_it.o(i.CAN1_RX0_IRQHandler) refers to stm32f4xx_can.o(i.CAN_GetITStatus) for CAN_GetITStatus
    stm32f4xx_it.o(i.CAN1_RX0_IRQHandler) refers to stm32f4xx_can.o(i.CAN_ClearITPendingBit) for CAN_ClearITPendingBit
    stm32f4xx_it.o(i.CAN1_RX0_IRQHandler) refers to stm32f4xx_can.o(i.CAN_ClearFlag) for CAN_ClearFlag
    stm32f4xx_it.o(i.CAN1_RX0_IRQHandler) refers to stm32f4xx_can.o(i.CAN_Receive) for CAN_Receive
    stm32f4xx_it.o(i.CAN1_TX_IRQHandler) refers to stm32f4xx_can.o(i.CAN_GetITStatus) for CAN_GetITStatus
    stm32f4xx_it.o(i.CAN1_TX_IRQHandler) refers to stm32f4xx_can.o(i.CAN_ClearITPendingBit) for CAN_ClearITPendingBit
    stm32f4xx_it.o(i.EXTI4_IRQHandler) refers to stm32f4xx_exti.o(i.EXTI_ClearITPendingBit) for EXTI_ClearITPendingBit
    stm32f4xx_it.o(i.EXTI9_5_IRQHandler) refers to stm32f4xx_exti.o(i.EXTI_ClearITPendingBit) for EXTI_ClearITPendingBit
    stm32f4xx_it.o(i.SysTick_Handler) refers to drv_systick.o(.data) for E_COUNTER
    stm32f4xx_it.o(i.TIM2_IRQHandler) refers to stm32f4xx_tim.o(i.TIM_GetITStatus) for TIM_GetITStatus
    stm32f4xx_it.o(i.TIM2_IRQHandler) refers to stm32f4xx_tim.o(i.TIM_ClearITPendingBit) for TIM_ClearITPendingBit
    stm32f4xx_it.o(i.TIM2_IRQHandler) refers to interrupt_task.o(i.InterruptTask_TIM2) for InterruptTask_TIM2
    stm32f4xx_it.o(i.TIM3_IRQHandler) refers to stm32f4xx_tim.o(i.TIM_GetITStatus) for TIM_GetITStatus
    stm32f4xx_it.o(i.TIM3_IRQHandler) refers to stm32f4xx_tim.o(i.TIM_ClearITPendingBit) for TIM_ClearITPendingBit
    stm32f4xx_it.o(i.TIM3_IRQHandler) refers to interrupt_task.o(i.InterruptTask_TIM3) for InterruptTask_TIM3
    stm32f4xx_it.o(i.TIM5_IRQHandler) refers to stm32f4xx_tim.o(i.TIM_GetITStatus) for TIM_GetITStatus
    stm32f4xx_it.o(i.TIM5_IRQHandler) refers to stm32f4xx_tim.o(i.TIM_ClearITPendingBit) for TIM_ClearITPendingBit
    stm32f4xx_it.o(i.TIM5_IRQHandler) refers to interrupt_task.o(i.InterruptTask_TIM5) for InterruptTask_TIM5
    stm32f4xx_it.o(i.USART1_IRQHandler) refers to stm32f4xx_usart.o(i.USART_GetFlagStatus) for USART_GetFlagStatus
    stm32f4xx_it.o(i.USART1_IRQHandler) refers to stm32f4xx_usart.o(i.USART_ClearITPendingBit) for USART_ClearITPendingBit
    stm32f4xx_it.o(i.USART2_IRQHandler) refers to stm32f4xx_usart.o(i.USART_GetFlagStatus) for USART_GetFlagStatus
    stm32f4xx_it.o(i.USART2_IRQHandler) refers to stm32f4xx_usart.o(i.USART_ClearITPendingBit) for USART_ClearITPendingBit
    stm32f4xx_it.o(i.USART3_IRQHandler) refers to stm32f4xx_usart.o(i.USART_GetFlagStatus) for USART_GetFlagStatus
    stm32f4xx_it.o(i.USART3_IRQHandler) refers to stm32f4xx_usart.o(i.USART_ClearITPendingBit) for USART_ClearITPendingBit
    stm32f4xx_it.o(i.USART6_IRQHandler) refers to stm32f4xx_usart.o(i.USART_GetFlagStatus) for USART_GetFlagStatus
    stm32f4xx_it.o(i.USART6_IRQHandler) refers to stm32f4xx_usart.o(i.USART_ClearITPendingBit) for USART_ClearITPendingBit
    main.o(i.main) refers to init.o(i.System_Init) for System_Init
    init.o(i.System_Init) refers to system_stm32f4xx.o(i.SystemInit) for SystemInit
    init.o(i.System_Init) refers to misc.o(i.NVIC_PriorityGroupConfig) for NVIC_PriorityGroupConfig
    init.o(i.System_Init) refers to drv_systick.o(i.SysTick_Init) for SysTick_Init
    init.o(i.System_Init) refers to drv_uart.o(i.USART1_Init) for USART1_Init
    init.o(i.System_Init) refers to bsp_led.o(i.LED_Init) for LED_Init
    init.o(i.System_Init) refers to bsp_key.o(i.Key_Init) for Key_Init
    init.o(i.System_Init) refers to bsp_beep.o(i.Beep_Init) for Beep_Init
    init.o(i.System_Init) refers to drv_uart.o(i.USART2_Init) for USART2_Init
    init.o(i.System_Init) refers to drv_uart.o(i.USART6_Init) for USART6_Init
    init.o(i.System_Init) refers to drv_spi.o(i.drv_spi_init) for drv_spi_init
    init.o(i.System_Init) refers to bsp_ad7606.o(i.bsp_InitAD7606) for bsp_InitAD7606
    init.o(i.System_Init) refers to stm32f4xx_gpio.o(i.GPIO_SetBits) for GPIO_SetBits
    init.o(i.System_Init) refers to bsp_ad7606.o(i.ad7606_StartConv) for ad7606_StartConv
    init.o(i.System_Init) refers to drv_timer.o(i.TIM2_Init) for TIM2_Init
    init.o(i.System_Init) refers to drv_timer.o(i.TIM3_Init) for TIM3_Init
    init.o(i.System_Init) refers to drv_timer.o(i.TIM5_Init) for TIM5_Init
    init.o(i.System_Init) refers to stm32f4xx_gpio.o(i.GPIO_ResetBits) for GPIO_ResetBits
    init.o(i.System_Init) refers to drv_systick.o(i.delay_ms) for delay_ms
    interrupt_task.o(i.InterruptTask_TIM3) refers to bsp_ad7606.o(i.ad7606_IRQSrc) for ad7606_IRQSrc
[...]
    ..\FWLIB\src\stm32f4xx_hash.c            0x00000000   Number         0  stm32f4xx_hash.o ABSOLUTE
    ..\FWLIB\src\stm32f4xx_hash_md5.c        0x00000000   Number         0  stm32f4xx_hash_md5.o ABSOLUTE
    ..\FWLIB\src\stm32f4xx_hash_sha1.c       0x00000000   Number         0  stm32f4xx_hash_sha1.o ABSOLUTE
    ..\FWLIB\src\stm32f4xx_i2c.c             0x00000000   Number         0  stm32f4xx_i2c.o ABSOLUTE
    ..\FWLIB\src\stm32f4xx_iwdg.c            0x00000000   Number         0  stm32f4xx_iwdg.o ABSOLUTE
    ..\FWLIB\src\stm32f4xx_ltdc.c            0x00000000   Number         0  stm32f4xx_ltdc.o ABSOLUTE
    ..\FWLIB\src\stm32f4xx_pwr.c             0x00000000   Number         0  stm32f4xx_pwr.o ABSOLUTE
    ..\FWLIB\src\stm32f4xx_rcc.c             0x00000000   Number         0  stm32f4xx_rcc.o ABSOLUTE
    ..\FWLIB\src\stm32f4xx_rng.c             0x00000000   Number         0  stm32f4xx_rng.o ABSOLUTE
    ..\FWLIB\src\stm32f4xx_rtc.c             0x00000000   Number         0  stm32f4xx_rtc.o ABSOLUTE
    ..\FWLIB\src\stm32f4xx_sai.c             0x00000000   Number         0  stm32f4xx_sai.o ABSOLUTE
    ..\FWLIB\src\stm32f4xx_sdio.c            0x00000000   Number         0  stm32f4xx_sdio.o ABSOLUTE
    ..\FWLIB\src\stm32f4xx_spi.c             0x00000000   Number         0  stm32f4xx_spi.o ABSOLUTE
    ..\FWLIB\src\stm32f4xx_syscfg.c          0x00000000   Number         0  stm32f4xx_syscfg.o ABSOLUTE
    ..\FWLIB\src\stm32f4xx_tim.c             0x00000000   Number         0  stm32f4xx_tim.o ABSOLUTE
    ..\FWLIB\src\stm32f4xx_usart.c           0x00000000   Number         0  stm32f4xx_usart.o ABSOLUTE
    ..\FWLIB\src\stm32f4xx_wwdg.c            0x00000000   Number         0  stm32f4xx_wwdg.o ABSOLUTE
    ..\HARDWARE\GPIO\drv_gpio.c              0x00000000   Number         0  drv_gpio.o ABSOLUTE
    ..\HARDWARE\SPI\drv_spi.c                0x00000000   Number         0  drv_spi.o ABSOLUTE
    ..\HARDWARE\SYSTICK\drv_systick.c        0x00000000   Number         0  drv_systick.o ABSOLUTE
    ..\HARDWARE\TIMER\drv_timer.c            0x00000000   Number         0  drv_timer.o ABSOLUTE
    ..\HARDWARE\UART\drv_uart.c              0x00000000   Number         0  drv_uart.o ABSOLUTE
    ..\PERIPH\AD7606\bsp_ad7606.c            0x00000000   Number         0  bsp_ad7606.o ABSOLUTE
    ..\PERIPH\BEEP\bsp_beep.c                0x00000000   Number         0  bsp_beep.o ABSOLUTE
    ..\PERIPH\KEY\bsp_key.c                  0x00000000   Number         0  bsp_key.o ABSOLUTE
    ..\PERIPH\LED\bsp_led.c                  0x00000000   Number         0  bsp_led.o ABSOLUTE
    ..\\FWLIB\\src\\misc.c                   0x00000000   Number         0  misc.o ABSOLUTE
    ..\\FWLIB\\src\\stm32f4xx_adc.c          0x00000000   Number         0  stm32f4xx_adc.o ABSOLUTE
    ..\\FWLIB\\src\\stm32f4xx_can.c          0x00000000   Number         0  stm32f4xx_can.o ABSOLUTE
    ..\\FWLIB\\src\\stm32f4xx_crc.c          0x00000000   Number         0  stm32f4xx_crc.o ABSOLUTE
    ..\\FWLIB\\src\\stm32f4xx_cryp.c         0x00000000   Number         0  stm32f4xx_cryp.o ABSOLUTE
    ..\\FWLIB\\src\\stm32f4xx_cryp_aes.c     0x00000000   Number         0  stm32f4xx_cryp_aes.o ABSOLUTE
    ..\\FWLIB\\src\\stm32f4xx_cryp_des.c     0x00000000   Number         0  stm32f4xx_cryp_des.o ABSOLUTE
    ..\\FWLIB\\src\\stm32f4xx_cryp_tdes.c    0x00000000   Number         0  stm32f4xx_cryp_tdes.o ABSOLUTE
    ..\\FWLIB\\src\\stm32f4xx_dac.c          0x00000000   Number         0  stm32f4xx_dac.o ABSOLUTE
    ..\\FWLIB\\src\\stm32f4xx_dbgmcu.c       0x00000000   Number         0  stm32f4xx_dbgmcu.o ABSOLUTE
    ..\\FWLIB\\src\\stm32f4xx_dcmi.c         0x00000000   Number         0  stm32f4xx_dcmi.o ABSOLUTE
    ..\\FWLIB\\src\\stm32f4xx_dma.c          0x00000000   Number         0  stm32f4xx_dma.o ABSOLUTE
    ..\\FWLIB\\src\\stm32f4xx_dma2d.c        0x00000000   Number         0  stm32f4xx_dma2d.o ABSOLUTE
    ..\\FWLIB\\src\\stm32f4xx_exti.c         0x00000000   Number         0  stm32f4xx_exti.o ABSOLUTE
    ..\\FWLIB\\src\\stm32f4xx_flash.c        0x00000000   Number         0  stm32f4xx_flash.o ABSOLUTE
    ..\\FWLIB\\src\\stm32f4xx_flash_ramfunc.c 0x00000000   Number         0  stm32f4xx_flash_ramfunc.o ABSOLUTE
    ..\\FWLIB\\src\\stm32f4xx_fsmc.c         0x00000000   Number         0  stm32f4xx_fsmc.o ABSOLUTE
    ..\\FWLIB\\src\\stm32f4xx_gpio.c         0x00000000   Number         0  stm32f4xx_gpio.o ABSOLUTE
    ..\\FWLIB\\src\\stm32f4xx_hash.c         0x00000000   Number         0  stm32f4xx_hash.o ABSOLUTE
    ..\\FWLIB\\src\\stm32f4xx_hash_md5.c     0x00000000   Number         0  stm32f4xx_hash_md5.o ABSOLUTE
    ..\\FWLIB\\src\\stm32f4xx_hash_sha1.c    0x00000000   Number         0  stm32f4xx_hash_sha1.o ABSOLUTE
    ..\\FWLIB\\src\\stm32f4xx_i2c.c          0x00000000   Number         0  stm32f4xx_i2c.o ABSOLUTE
    ..\\FWLIB\\src\\stm32f4xx_iwdg.c         0x00000000   Number         0  stm32f4xx_iwdg.o ABSOLUTE
    ..\\FWLIB\\src\\stm32f4xx_ltdc.c         0x00000000   Number         0  stm32f4xx_ltdc.o ABSOLUTE
    ..\\FWLIB\\src\\stm32f4xx_pwr.c          0x00000000   Number         0  stm32f4xx_pwr.o ABSOLUTE
    ..\\FWLIB\\src\\stm32f4xx_rcc.c          0x00000000   Number         0  stm32f4xx_rcc.o ABSOLUTE
    ..\\FWLIB\\src\\stm32f4xx_rng.c          0x00000000   Number         0  stm32f4xx_rng.o ABSOLUTE
    ..\\FWLIB\\src\\stm32f4xx_rtc.c          0x00000000   Number         0  stm32f4xx_rtc.o ABSOLUTE
    ..\\FWLIB\\src\\stm32f4xx_sai.c          0x00000000   Number         0  stm32f4xx_sai.o ABSOLUTE
    ..\\FWLIB\\src\\stm32f4xx_sdio.c         0x00000000   Number         0  stm32f4xx_sdio.o ABSOLUTE
    ..\\FWLIB\\src\\stm32f4xx_spi.c          0x00000000   Number         0  stm32f4xx_spi.o ABSOLUTE
    ..\\FWLIB\\src\\stm32f4xx_syscfg.c       0x00000000   Number         0  stm32f4xx_syscfg.o ABSOLUTE
    ..\\FWLIB\\src\\stm32f4xx_tim.c          0x00000000   Number         0  stm32f4xx_tim.o ABSOLUTE
    ..\\FWLIB\\src\\stm32f4xx_usart.c        0x00000000   Number         0  stm32f4xx_usart.o ABSOLUTE
    ..\\FWLIB\\src\\stm32f4xx_wwdg.c         0x00000000   Number         0  stm32f4xx_wwdg.o ABSOLUTE
    ..\\HARDWARE\\GPIO\\drv_gpio.c           0x00000000   Number         0  drv_gpio.o ABSOLUTE
    ..\\HARDWARE\\SPI\\drv_spi.c             0x00000000   Number         0  drv_spi.o ABSOLUTE
    ..\\HARDWARE\\SYSTICK\\drv_systick.c     0x00000000   Number         0  drv_systick.o ABSOLUTE
    ..\\HARDWARE\\TIMER\\drv_timer.c         0x00000000   Number         0  drv_timer.o ABSOLUTE
    ..\\HARDWARE\\UART\\drv_uart.c           0x00000000   Number         0  drv_uart.o ABSOLUTE
    ..\\PERIPH\\AD7606\\bsp_ad7606.c         0x00000000   Number         0  bsp_ad7606.o ABSOLUTE
    ..\\PERIPH\\BEEP\\bsp_beep.c             0x00000000   Number         0  bsp_beep.o ABSOLUTE
    ..\\PERIPH\\KEY\\bsp_key.c               0x00000000   Number         0  bsp_key.o ABSOLUTE
    ..\\PERIPH\\LED\\bsp_led.c               0x00000000   Number         0  bsp_led.o ABSOLUTE
    dc.s                                     0x00000000   Number         0  dc.o ABSOLUTE
    init.c                                   0x00000000   Number         0  init.o ABSOLUTE
    init.c                                   0x00000000   Number         0  init.o ABSOLUTE
    interrupt_task.c                         0x00000000   Number         0  interrupt_task.o ABSOLUTE
    interrupt_task.c                         0x00000000   Number         0  interrupt_task.o ABSOLUTE
    main.c                                   0x00000000   Number         0  main.o ABSOLUTE
    main.c                                   0x00000000   Number         0  main.o ABSOLUTE
    stm32f4xx_it.c                           0x00000000   Number         0  stm32f4xx_it.o ABSOLUTE
    stm32f4xx_it.c                           0x00000000   Number         0  stm32f4xx_it.o ABSOLUTE
    system_stm32f4xx.c                       0x00000000   Number         0  system_stm32f4xx.o ABSOLUTE
    system_stm32f4xx.c                       0x00000000   Number         0  system_stm32f4xx.o ABSOLUTE
    RESET                                    0x08000000   Section      392  startup_stm32f40_41xxx.o(RESET)
    !!!main                                  0x08000188   Section        8  __main.o(!!!main)
    !!!scatter                               0x08000190   Section       52  __scatter.o(!!!scatter)
    !!handler_copy                           0x080001c4   Section       26  __scatter_copy.o(!!handler_copy)
    !!handler_zi                             0x080001e0   Section       28  __scatter_zi.o(!!handler_zi)
    .ARM.Collect$$_printf_percent$$00000000  0x080001fc   Section        0  _printf_percent.o(.ARM.Collect$$_printf_percent$$00000000)
    .ARM.Collect$$_printf_percent$$00000003  0x080001fc   Section        6  _printf_f.o(.ARM.Collect$$_printf_percent$$00000003)
    .ARM.Collect$$_printf_percent$$0000000C  0x08000202   Section        6  _printf_x.o(.ARM.Collect$$_printf_percent$$0000000C)
    .ARM.Collect$$_printf_percent$$00000017  0x08000208   Section        4  _printf_percent_end.o(.ARM.Collect$$_printf_percent$$00000017)
    .ARM.Collect$$libinit$$00000000          0x0800020c   Section        2  libinit.o(.ARM.Collect$$libinit$$00000000)
    .ARM.Collect$$libinit$$00000001          0x0800020e   Section        4  libinit2.o(.ARM.Collect$$libinit$$00000001)
    .ARM.Collect$$libinit$$00000004          0x08000212   Section        0  libinit2.o(.ARM.Collect$$libinit$$00000004)
    .ARM.Collect$$libinit$$0000000A          0x08000212   Section        0  libinit2.o(.ARM.Collect$$libinit$$0000000A)
    .ARM.Collect$$libinit$$0000000C          0x08000212   Section        0  libinit2.o(.ARM.Collect$$libinit$$0000000C)
    .ARM.Collect$$libinit$$0000000E          0x08000212   Section        0  libinit2.o(.ARM.Collect$$libinit$$0000000E)
    .ARM.Collect$$libinit$$0000000F          0x08000212   Section        6  libinit2.o(.ARM.Collect$$libinit$$0000000F)
    .ARM.Collect$$libinit$$00000011          0x08000218   Section        0  libinit2.o(.ARM.Collect$$libinit$$00000011)
    .ARM.Collect$$libinit$$00000013          0x08000218   Section        0  libinit2.o(.ARM.Collect$$libinit$$00000013)
    .ARM.Collect$$libinit$$00000015          0x08000218   Section        0  libinit2.o(.ARM.Collect$$libinit$$00000015)
    .ARM.Collect$$libinit$$00000016          0x08000218   Section       10  libinit2.o(.ARM.Collect$$libinit$$00000016)
    .ARM.Collect$$libinit$$00000017          0x08000222   Section        0  libinit2.o(.ARM.Collect$$libinit$$00000017)
    .ARM.Collect$$libinit$$00000019          0x08000222   Section        0  libinit2.o(.ARM.Collect$$libinit$$00000019)
    .ARM.Collect$$libinit$$0000001B          0x08000222   Section        0  libinit2.o(.ARM.Collect$$libinit$$0000001B)
    .ARM.Collect$$libinit$$0000001D          0x08000222   Section        0  libinit2.o(.ARM.Collect$$libinit$$0000001D)
    .ARM.Collect$$libinit$$0000001F          0x08000222   Section        0  libinit2.o(.ARM.Collect$$libinit$$0000001F)
    .ARM.Collect$$libinit$$00000021          0x08000222   Section        0  libinit2.o(.ARM.Collect$$libinit$$00000021)
    .ARM.Collect$$libinit$$00000023          0x08000222   Section        0  libinit2.o(.ARM.Collect$$libinit$$00000023)
    .ARM.Collect$$libinit$$00000025          0x08000222   Section        0  libinit2.o(.ARM.Collect$$libinit$$00000025)
    .ARM.Collect$$libinit$$0000002C          0x08000222   Section        0  libinit2.o(.ARM.Collect$$libinit$$0000002C)
    .ARM.Collect$$libinit$$0000002E          0x08000222   Section        0  libinit2.o(.ARM.Collect$$libinit$$0000002E)
    .ARM.Collect$$libinit$$00000030          0x08000222   Section        0  libinit2.o(.ARM.Collect$$libinit$$00000030)
    .ARM.Collect$$libinit$$00000032          0x08000222   Section        0  libinit2.o(.ARM.Collect$$libinit$$00000032)
    .ARM.Collect$$libinit$$00000033          0x08000222   Section        2  libinit2.o(.ARM.Collect$$libinit$$00000033)
    .ARM.Collect$$libshutdown$$00000000      0x08000224   Section        2  libshutdown.o(.ARM.Collect$$libshutdown$$00000000)
    .ARM.Collect$$libshutdown$$00000002      0x08000226   Section        0  libshutdown2.o(.ARM.Collect$$libshutdown$$00000002)
    .ARM.Collect$$libshutdown$$00000004      0x08000226   Section        0  libshutdown2.o(.ARM.Collect$$libshutdown$$00000004)
    .ARM.Collect$$libshutdown$$00000007      0x08000226   Section        0  libshutdown2.o(.ARM.Collect$$libshutdown$$00000007)
    .ARM.Collect$$libshutdown$$0000000A      0x08000226   Section        0  libshutdown2.o(.ARM.Collect$$libshutdown$$0000000A)
    .ARM.Collect$$libshutdown$$0000000C      0x08000226   Section        0  libshutdown2.o(.ARM.Collect$$libshutdown$$0000000C)
    .ARM.Collect$$libshutdown$$0000000F      0x08000226   Section        0  libshutdown2.o(.ARM.Collect$$libshutdown$$0000000F)
    .ARM.Collect$$libshutdown$$00000010      0x08000226   Section        2  libshutdown2.o(.ARM.Collect$$libshutdown$$00000010)
    .ARM.Collect$$rtentry$$00000000          0x08000228   Section        0  __rtentry.o(.ARM.Collect$$rtentry$$00000000)
    .ARM.Collect$$rtentry$$00000002          0x08000228   Section        0  __rtentry2.o(.ARM.Collect$$rtentry$$00000002)
    .ARM.Collect$$rtentry$$00000004          0x08000228   Section        6  __rtentry4.o(.ARM.Collect$$rtentry$$00000004)
    .ARM.Collect$$rtentry$$00000009          0x0800022e   Section        0  __rtentry2.o(.ARM.Collect$$rtentry$$00000009)
    .ARM.Collect$$rtentry$$0000000A          0x0800022e   Section        4  __rtentry2.o(.ARM.Collect$$rtentry$$0000000A)
    .ARM.Collect$$rtentry$$0000000C          0x08000232   Section        0  __rtentry2.o(.ARM.Collect$$rtentry$$0000000C)
    .ARM.Collect$$rtentry$$0000000D          0x08000232   Section        8  __rtentry2.o(.ARM.Collect$$rtentry$$0000000D)
    .ARM.Collect$$rtexit$$00000000           0x0800023a   Section        2  rtexit.o(.ARM.Collect$$rtexit$$00000000)
    .ARM.Collect$$rtexit$$00000002           0x0800023c   Section        0  rtexit2.o(.ARM.Collect$$rtexit$$00000002)
    .ARM.Collect$$rtexit$$00000003           0x0800023c   Section        4  rtexit2.o(.ARM.Collect$$rtexit$$00000003)
    .ARM.Collect$$rtexit$$00000004           0x08000240   Section        6  rtexit2.o(.ARM.Collect$$rtexit$$00000004)
    .text                                    0x08000248   Section       64  startup_stm32f40_41xxx.o(.text)
    $v0                                      0x08000248   Number         0  startup_stm32f40_41xxx.o(.text)
    .text                                    0x08000288   Section        0  noretval__2sprintf.o(.text)
    .text                                    0x080002b0   Section        0  __printf.o(.text)
    .text                                    0x08000318   Section        0  _printf_hex_int.o(.text)
    .text                                    0x08000370   Section        0  heapauxi.o(.text)
    .text                                    0x08000376   Section        0  _printf_intcommon.o(.text)
    .text                                    0x08000428   Section        0  _printf_fp_dec.o(.text)
    _fp_digits                               0x0800042b   Thumb Code   432  _printf_fp_dec.o(.text)
    .text                                    0x08000848   Section        0  _printf_char_common.o(.text)
    _printf_input_char                       0x08000849   Thumb Code    10  _printf_char_common.o(.text)
    .text                                    0x08000878   Section        0  _sputc.o(.text)
    .text                                    0x08000884   Section        8  rt_locale_intlibspace.o(.text)
    .text                                    0x0800088c   Section      138  lludiv10.o(.text)
    .text                                    0x08000918   Section        0  _printf_fp_infnan.o(.text)
    .text                                    0x08000998   Section        0  bigflt0.o(.text)
    .text                                    0x08000a7c   Section        8  libspace.o(.text)
    .text                                    0x08000a84   Section       74  sys_stackheap_outer.o(.text)
    .text                                    0x08000ace   Section        0  exit.o(.text)
    .text                                    0x08000ae0   Section      128  strcmpv7m.o(.text)
    .text                                    0x08000b60   Section        0  sys_exit.o(.text)
    .text                                    0x08000b6c   Section        2  use_no_semi.o(.text)
    .text                                    0x08000b6e   Section        0  indicate_semi.o(.text)
    CL$$btod_d2e                             0x08000b6e   Section       62  btod.o(CL$$btod_d2e)
    CL$$btod_d2e_denorm_low                  0x08000bac   Section       70  btod.o(CL$$btod_d2e_denorm_low)
    CL$$btod_d2e_norm_op1                    0x08000bf2   Section       96  btod.o(CL$$btod_d2e_norm_op1)
    CL$$btod_div_common                      0x08000c52   Section      824  btod.o(CL$$btod_div_common)
    CL$$btod_e2e                             0x08000f8a   Section      220  btod.o(CL$$btod_e2e)
    CL$$btod_ediv                            0x08001066   Section       42  btod.o(CL$$btod_ediv)
    CL$$btod_emul                            0x08001090   Section       42  btod.o(CL$$btod_emul)
    CL$$btod_mult_common                     0x080010ba   Section      580  btod.o(CL$$btod_mult_common)
    i.Beep_Init                              0x08001300   Section        0  bsp_beep.o(i.Beep_Init)
    i.BusFault_Handler                       0x0800131c   Section        0  stm32f4xx_it.o(i.BusFault_Handler)
    i.CAN1_RX0_IRQHandler                    0x08001320   Section        0  stm32f4xx_it.o(i.CAN1_RX0_IRQHandler)
    i.CAN1_TX_IRQHandler                     0x08001350   Section        0  stm32f4xx_it.o(i.CAN1_TX_IRQHandler)
    i.CAN_ClearFlag                          0x0800136c   Section        0  stm32f4xx_can.o(i.CAN_ClearFlag)
    i.CAN_ClearITPendingBit                  0x080013a4   Section        0  stm32f4xx_can.o(i.CAN_ClearITPendingBit)
    i.CAN_GetITStatus                        0x0800144c   Section        0  stm32f4xx_can.o(i.CAN_GetITStatus)
    i.CAN_Receive                            0x0800156c   Section        0  stm32f4xx_can.o(i.CAN_Receive)
    i.CheckITStatus                          0x0800165c   Section        0  stm32f4xx_can.o(i.CheckITStatus)
    CheckITStatus                            0x0800165d   Thumb Code    18  stm32f4xx_can.o(i.CheckITStatus)
    i.DebugMon_Handler                       0x0800166e   Section        0  stm32f4xx_it.o(i.DebugMon_Handler)
    i.EXTI4_IRQHandler                       0x08001670   Section        0  stm32f4xx_it.o(i.EXTI4_IRQHandler)
    i.EXTI9_5_IRQHandler                     0x0800167a   Section        0  stm32f4xx_it.o(i.EXTI9_5_IRQHandler)
    i.EXTI_ClearITPendingBit                 0x08001684   Section        0  stm32f4xx_exti.o(i.EXTI_ClearITPendingBit)
    i.GPIO_Format_Init                       0x08001690   Section        0  drv_gpio.o(i.GPIO_Format_Init)
    i.GPIO_Init                              0x080018b0   Section        0  stm32f4xx_gpio.o(i.GPIO_Init)
    i.GPIO_PinAFConfig                       0x08001940   Section        0  stm32f4xx_gpio.o(i.GPIO_PinAFConfig)
    i.GPIO_ResetBits                         0x08001986   Section        0  stm32f4xx_gpio.o(i.GPIO_ResetBits)
    i.GPIO_SetBits                           0x0800198a   Section        0  stm32f4xx_gpio.o(i.GPIO_SetBits)
    i.Get_AD7606_voltdata                    0x08001990   Section        0  bsp_ad7606.o(i.Get_AD7606_voltdata)
    i.HardFault_Handler                      0x080019d8   Section        0  stm32f4xx_it.o(i.HardFault_Handler)
    i.InterruptTask_TIM2                     0x080019dc   Section        0  interrupt_task.o(i.InterruptTask_TIM2)
    i.InterruptTask_TIM3                     0x080019e0   Section        0  interrupt_task.o(i.InterruptTask_TIM3)
    i.InterruptTask_TIM5                     0x08001a28   Section        0  interrupt_task.o(i.InterruptTask_TIM5)
    i.Key_Init                               0x08001a34   Section        0  bsp_key.o(i.Key_Init)
    i.LED_Init                               0x08001a50   Section        0  bsp_led.o(i.LED_Init)
    i.LED_Task                               0x08001a74   Section        0  bsp_led.o(i.LED_Task)
    i.MemManage_Handler                      0x08001af4   Section        0  stm32f4xx_it.o(i.MemManage_Handler)
    i.NMI_Handler                            0x08001af8   Section        0  stm32f4xx_it.o(i.NMI_Handler)
    i.NVIC_Init                              0x08001afc   Section        0  misc.o(i.NVIC_Init)
    i.NVIC_PriorityGroupConfig               0x08001b74   Section        0  misc.o(i.NVIC_PriorityGroupConfig)
    i.PendSV_Handler                         0x08001b88   Section        0  stm32f4xx_it.o(i.PendSV_Handler)
    i.RCC_AHB1PeriphClockCmd                 0x08001b8c   Section        0  stm32f4xx_rcc.o(i.RCC_AHB1PeriphClockCmd)
    i.RCC_APB1PeriphClockCmd                 0x08001bac   Section        0  stm32f4xx_rcc.o(i.RCC_APB1PeriphClockCmd)
    i.RCC_APB1PeriphResetCmd                 0x08001bcc   Section        0  stm32f4xx_rcc.o(i.RCC_APB1PeriphResetCmd)
    i.RCC_APB2PeriphClockCmd                 0x08001bec   Section        0  stm32f4xx_rcc.o(i.RCC_APB2PeriphClockCmd)
    i.RCC_APB2PeriphResetCmd                 0x08001c0c   Section        0  stm32f4xx_rcc.o(i.RCC_APB2PeriphResetCmd)
    i.RCC_GetClocksFreq                      0x08001c2c   Section        0  stm32f4xx_rcc.o(i.RCC_GetClocksFreq)
    i.SPI_Cmd                                0x08001d14   Section        0  stm32f4xx_spi.o(i.SPI_Cmd)
    i.SPI_I2S_DeInit                         0x08001d2c   Section        0  stm32f4xx_spi.o(i.SPI_I2S_DeInit)
    i.SPI_I2S_GetFlagStatus                  0x08001ddc   Section        0  stm32f4xx_spi.o(i.SPI_I2S_GetFlagStatus)
    i.SPI_Init                               0x08001dee   Section        0  stm32f4xx_spi.o(i.SPI_Init)
    i.SVC_Handler                            0x08001e2a   Section        0  stm32f4xx_it.o(i.SVC_Handler)
    i.Serial_Send                            0x08001e2c   Section        0  drv_uart.o(i.Serial_Send)
    i.Serial_SendByte                        0x08001fd4   Section        0  drv_uart.o(i.Serial_SendByte)
    i.SetSysClock                            0x08001ff4   Section        0  system_stm32f4xx.o(i.SetSysClock)
    SetSysClock                              0x08001ff5   Thumb Code   220  system_stm32f4xx.o(i.SetSysClock)
    i.SysTick_Handler                        0x080020e0   Section        0  stm32f4xx_it.o(i.SysTick_Handler)
    i.SysTick_Init                           0x080020f8   Section        0  drv_systick.o(i.SysTick_Init)
    i.SystemInit                             0x08002128   Section        0  system_stm32f4xx.o(i.SystemInit)
    i.System_Init                            0x08002190   Section        0  init.o(i.System_Init)
    i.TIM2_IRQHandler                        0x08002210   Section        0  stm32f4xx_it.o(i.TIM2_IRQHandler)
    i.TIM2_Init                              0x0800222a   Section        0  drv_timer.o(i.TIM2_Init)
    i.TIM3_IRQHandler                        0x08002280   Section        0  stm32f4xx_it.o(i.TIM3_IRQHandler)
    i.TIM3_Init                              0x080022a0   Section        0  drv_timer.o(i.TIM3_Init)
    i.TIM5_IRQHandler                        0x080022fc   Section        0  stm32f4xx_it.o(i.TIM5_IRQHandler)
    i.TIM5_Init                              0x0800231c   Section        0  drv_timer.o(i.TIM5_Init)
    i.TIM_ClearITPendingBit                  0x08002378   Section        0  stm32f4xx_tim.o(i.TIM_ClearITPendingBit)
    i.TIM_Cmd                                0x0800237e   Section        0  stm32f4xx_tim.o(i.TIM_Cmd)
    i.TIM_GetITStatus                        0x08002396   Section        0  stm32f4xx_tim.o(i.TIM_GetITStatus)
    i.TIM_ITConfig                           0x080023b8   Section        0  stm32f4xx_tim.o(i.TIM_ITConfig)
    i.TIM_TimeBaseInit                       0x080023cc   Section        0  stm32f4xx_tim.o(i.TIM_TimeBaseInit)
    i.USART1_IRQHandler                      0x08002450   Section        0  stm32f4xx_it.o(i.USART1_IRQHandler)
    i.USART1_Init                            0x08002470   Section        0  drv_uart.o(i.USART1_Init)
    i.USART2_IRQHandler                      0x08002524   Section        0  stm32f4xx_it.o(i.USART2_IRQHandler)
    i.USART2_Init                            0x08002544   Section        0  drv_uart.o(i.USART2_Init)
    i.USART3_IRQHandler                      0x080025f4   Section        0  stm32f4xx_it.o(i.USART3_IRQHandler)
    i.USART6_IRQHandler                      0x08002614   Section        0  stm32f4xx_it.o(i.USART6_IRQHandler)
    i.USART6_Init                            0x08002634   Section        0  drv_uart.o(i.USART6_Init)
    i.USART_ClearITPendingBit                0x080026e4   Section        0  stm32f4xx_usart.o(i.USART_ClearITPendingBit)
    i.USART_Cmd                              0x08002702   Section        0  stm32f4xx_usart.o(i.USART_Cmd)
    i.USART_GetFlagStatus                    0x0800271a   Section        0  stm32f4xx_usart.o(i.USART_GetFlagStatus)
    i.USART_ITConfig                         0x08002734   Section        0  stm32f4xx_usart.o(i.USART_ITConfig)
    i.USART_Init                             0x08002780   Section        0  stm32f4xx_usart.o(i.USART_Init)
    i.USART_SendData                         0x08002854   Section        0  stm32f4xx_usart.o(i.USART_SendData)
    i.UsageFault_Handler                     0x0800285c   Section        0  stm32f4xx_it.o(i.UsageFault_Handler)
    i.__ARM_fpclassify                       0x08002860   Section        0  fpclassify.o(i.__ARM_fpclassify)
    i.ad7606_IRQSrc                          0x08002890   Section        0  bsp_ad7606.o(i.ad7606_IRQSrc)
    i.ad7606_ReadBytes                       0x080028ec   Section        0  bsp_ad7606.o(i.ad7606_ReadBytes)
    i.ad7606_Reset                           0x080028fc   Section        0  bsp_ad7606.o(i.ad7606_Reset)
    i.ad7606_SetOS                           0x08002940   Section        0  bsp_ad7606.o(i.ad7606_SetOS)
    i.ad7606_StartConv                       0x08002a18   Section        0  bsp_ad7606.o(i.ad7606_StartConv)
    i.bsp_InitAD7606                         0x08002a70   Section        0  bsp_ad7606.o(i.bsp_InitAD7606)
    i.delay_ms                               0x08002b1c   Section        0  drv_systick.o(i.delay_ms)
    i.drv_spi_init                           0x08002b60   Section        0  drv_spi.o(i.drv_spi_init)
    i.drv_spi_read_write_byte                0x08002c28   Section        0  drv_spi.o(i.drv_spi_read_write_byte)
    i.itoa                                   0x08002c7c   Section        0  drv_uart.o(i.itoa)
    i.main                                   0x08002ce4   Section        0  main.o(i.main)
    locale$$code                             0x08002cec   Section       44  lc_numeric_c.o(locale$$code)
    x$fpl$d2f                                0x08002d18   Section       98  d2f.o(x$fpl$d2f)
    $v0                                      0x08002d18   Number         0  d2f.o(x$fpl$d2f)
    x$fpl$dflt                               0x08002d7a   Section       46  dflt_clz.o(x$fpl$dflt)
    $v0                                      0x08002d7a   Number         0  dflt_clz.o(x$fpl$dflt)
    x$fpl$dmul                               0x08002da8   Section      340  dmul.o(x$fpl$dmul)
    $v0                                      0x08002da8   Number         0  dmul.o(x$fpl$dmul)
    x$fpl$dnaninf                            0x08002efc   Section      156  dnaninf.o(x$fpl$dnaninf)
    $v0                                      0x08002efc   Number         0  dnaninf.o(x$fpl$dnaninf)
    x$fpl$dretinf                            0x08002f98   Section       12  dretinf.o(x$fpl$dretinf)
    $v0                                      0x08002f98   Number         0  dretinf.o(x$fpl$dretinf)
    x$fpl$f2d                                0x08002fa4   Section       86  f2d.o(x$fpl$f2d)
    $v0                                      0x08002fa4   Number         0  f2d.o(x$fpl$f2d)
    x$fpl$fnaninf                            0x08002ffa   Section      140  fnaninf.o(x$fpl$fnaninf)
    $v0                                      0x08002ffa   Number         0  fnaninf.o(x$fpl$fnaninf)
    x$fpl$fpinit                             0x08003086   Section       10  fpinit.o(x$fpl$fpinit)
    $v0                                      0x08003086   Number         0  fpinit.o(x$fpl$fpinit)
    x$fpl$fretinf                            0x08003090   Section       10  fretinf.o(x$fpl$fretinf)
    $v0                                      0x08003090   Number         0  fretinf.o(x$fpl$fretinf)
    x$fpl$printf1                            0x0800309a   Section        4  printf1.o(x$fpl$printf1)
    $v0                                      0x0800309a   Number         0  printf1.o(x$fpl$printf1)
    .constdata                               0x0800309e   Section       40  _printf_hex_int.o(.constdata)
    x$fpl$usenofp                            0x0800309e   Section        0  usenofp.o(x$fpl$usenofp)
    uc_hextab                                0x0800309e   Data          20  _printf_hex_int.o(.constdata)
    lc_hextab                                0x080030b2   Data          20  _printf_hex_int.o(.constdata)
    .constdata                               0x080030c8   Section      148  bigflt0.o(.constdata)
    tenpwrs_x                                0x080030c8   Data          60  bigflt0.o(.constdata)
    tenpwrs_i                                0x08003104   Data          64  bigflt0.o(.constdata)
    locale$$data                             0x0800317c   Section       28  lc_numeric_c.o(locale$$data)
    __lcnum_c_name                           0x08003180   Data           2  lc_numeric_c.o(locale$$data)
    __lcnum_c_start                          0x08003188   Data           0  lc_numeric_c.o(locale$$data)
    __lcnum_c_point                          0x08003194   Data           0  lc_numeric_c.o(locale$$data)
    __lcnum_c_thousands                      0x08003196   Data           0  lc_numeric_c.o(locale$$data)
    __lcnum_c_grouping                       0x08003197   Data           0  lc_numeric_c.o(locale$$data)
    __lcnum_c_end                            0x08003198   Data           0  lc_numeric_c.o(locale$$data)
    .data                                    0x20000000   Section       20  system_stm32f4xx.o(.data)
    .data                                    0x20000014   Section        4  drv_systick.o(.data)
    .data                                    0x20000018   Section       16  bsp_led.o(.data)
    val                                      0x20000018   Data           8  bsp_led.o(.data)
    Flag                                     0x20000020   Data           8  bsp_led.o(.data)
    .data                                    0x20000028   Section       16  stm32f4xx_rcc.o(.data)
    APBAHBPrescTable                         0x20000028   Data          16  stm32f4xx_rcc.o(.data)
    .bss                                     0x20000038   Section       16  bsp_ad7606.o(.bss)
    .bss                                     0x20000048   Section       96  libspace.o(.bss)
    HEAP                                     0x200000a8   Section      512  startup_stm32f40_41xxx.o(HEAP)
    Heap_Mem                                 0x200000a8   Data         512  startup_stm32f40_41xxx.o(HEAP)
    STACK                                    0x200002a8   Section     1024  startup_stm32f40_41xxx.o(STACK)
    Stack_Mem                                0x200002a8   Data        1024  startup_stm32f40_41xxx.o(STACK)
    __initial_sp                             0x200006a8   Data           0  startup_stm32f40_41xxx.o(STACK)

    Global Symbols

    Symbol Name                              Value     Ov Type        Size  Object(Section)

    BuildAttributes$$THM_ISAv4$E$P$D$K$B$S$7EM$VFPi3$EXTD16$VFPS$VFMA$PE$A:L22UL41UL21$X:L11$S22US41US21$IEEE1$IW$USESV6$~STKCKD$USESV7$~SHL$OTIME$ROPI$IEEEJ$EBA8$UX$STANDARDLIB$REQ8$PRES8$EABIv2 0x00000000   Number         0  anon$$obj.o ABSOLUTE
    __ARM_use_no_argv                        0x00000000   Number         0  main.o ABSOLUTE
    __ARM_exceptions_init                     - Undefined Weak Reference
    __alloca_initialize                       - Undefined Weak Reference
    __arm_preinit_                            - Undefined Weak Reference
    __cpp_initialize__aeabi_                  - Undefined Weak Reference
    __cxa_finalize                            - Undefined Weak Reference
    __sigvec_lookup                           - Undefined Weak Reference
    _atexit_init                              - Undefined Weak Reference
    _call_atexit_fns                          - Undefined Weak Reference
    _clock_init                               - Undefined Weak Reference
    _fp_trap_init                             - Undefined Weak Reference
    _fp_trap_shutdown                         - Undefined Weak Reference
    _get_lc_collate                           - Undefined Weak Reference
    _get_lc_ctype                             - Undefined Weak Reference
    _get_lc_monetary                          - Undefined Weak Reference
    _get_lc_time                              - Undefined Weak Reference
    _getenv_init                              - Undefined Weak Reference
    _handle_redirection                       - Undefined Weak Reference
    _init_alloc                               - Undefined Weak Reference
    _init_user_alloc                          - Undefined Weak Reference
    _initio                                   - Undefined Weak Reference
    _printf_post_padding                      - Undefined Weak Reference
    _printf_pre_padding                       - Undefined Weak Reference
    _printf_truncate_unsigned                 - Undefined Weak Reference
    _rand_init                                - Undefined Weak Reference
    _signal_finish                            - Undefined Weak Reference
    _signal_init                              - Undefined Weak Reference
    _terminate_alloc                          - Undefined Weak Reference
    _terminate_user_alloc                     - Undefined Weak Reference
    _terminateio                              - Undefined Weak Reference
    __Vectors_Size                           0x00000188   Number         0  startup_stm32f40_41xxx.o ABSOLUTE
    __Vectors                                0x08000000   Data           4  startup_stm32f40_41xxx.o(RESET)
    __Vectors_End                            0x08000188   Data           0  startup_stm32f40_41xxx.o(RESET)
    __main                                   0x08000189   Thumb Code     8  __main.o(!!!main)
    __scatterload                            0x08000191   Thumb Code     0  __scatter.o(!!!scatter)
    __scatterload_rt2                        0x08000191   Thumb Code    44  __scatter.o(!!!scatter)
    __scatterload_rt2_thumb_only             0x08000191   Thumb Code     0  __scatter.o(!!!scatter)
    __scatterload_null                       0x0800019f   Thumb Code     0  __scatter.o(!!!scatter)
    __scatterload_copy                       0x080001c5   Thumb Code    26  __scatter_copy.o(!!handler_copy)
    __scatterload_zeroinit                   0x080001e1   Thumb Code    28  __scatter_zi.o(!!handler_zi)
    _printf_f                                0x080001fd   Thumb Code     0  _printf_f.o(.ARM.Collect$$_printf_percent$$00000003)
    _printf_percent                          0x080001fd   Thumb Code     0  _printf_percent.o(.ARM.Collect$$_printf_percent$$00000000)
    _printf_x                                0x08000203   Thumb Code     0  _printf_x.o(.ARM.Collect$$_printf_percent$$0000000C)
    _printf_percent_end                      0x08000209   Thumb Code     0  _printf_percent_end.o(.ARM.Collect$$_printf_percent$$00000017)
    __rt_lib_init                            0x0800020d   Thumb Code     0  libinit.o(.ARM.Collect$$libinit$$00000000)
    __rt_lib_init_fp_1                       0x0800020f   Thumb Code     0  libinit2.o(.ARM.Collect$$libinit$$00000001)
    __rt_lib_init_heap_1                     0x08000213   Thumb Code     0  libinit2.o(.ARM.Collect$$libinit$$0000000A)
    __rt_lib_init_lc_common                  0x08000213   Thumb Code     0  libinit2.o(.ARM.Collect$$libinit$$0000000F)
    __rt_lib_init_preinit_1                  0x08000213   Thumb Code     0  libinit2.o(.ARM.Collect$$libinit$$00000004)
    __rt_lib_init_rand_1                     0x08000213   Thumb Code     0  libinit2.o(.ARM.Collect$$libinit$$0000000E)
    __rt_lib_init_user_alloc_1               0x08000213   Thumb Code     0  libinit2.o(.ARM.Collect$$libinit$$0000000C)
    __rt_lib_init_lc_collate_1               0x08000219   Thumb Code     0  libinit2.o(.ARM.Collect$$libinit$$00000011)
    __rt_lib_init_lc_ctype_1                 0x08000219   Thumb Code     0  libinit2.o(.ARM.Collect$$libinit$$00000013)
    __rt_lib_init_lc_monetary_1              0x08000219   Thumb Code     0  libinit2.o(.ARM.Collect$$libinit$$00000015)
    __rt_lib_init_lc_numeric_2               0x08000219   Thumb Code     0  libinit2.o(.ARM.Collect$$libinit$$00000016)
    __rt_lib_init_alloca_1                   0x08000223   Thumb Code     0  libinit2.o(.ARM.Collect$$libinit$$0000002E)
    __rt_lib_init_argv_1                     0x08000223   Thumb Code     0  libinit2.o(.ARM.Collect$$libinit$$0000002C)
    __rt_lib_init_atexit_1                   0x08000223   Thumb Code     0  libinit2.o(.ARM.Collect$$libinit$$0000001B)
    __rt_lib_init_clock_1                    0x08000223   Thumb Code     0  libinit2.o(.ARM.Collect$$libinit$$00000021)
    __rt_lib_init_cpp_1                      0x08000223   Thumb Code     0  libinit2.o(.ARM.Collect$$libinit$$00000032)
    __rt_lib_init_exceptions_1               0x08000223   Thumb Code     0  libinit2.o(.ARM.Collect$$libinit$$00000030)
    __rt_lib_init_fp_trap_1                  0x08000223   Thumb Code     0  libinit2.o(.ARM.Collect$$libinit$$0000001F)
    __rt_lib_init_getenv_1                   0x08000223   Thumb Code     0  libinit2.o(.ARM.Collect$$libinit$$00000023)
    __rt_lib_init_lc_numeric_1               0x08000223   Thumb Code     0  libinit2.o(.ARM.Collect$$libinit$$00000017)
    __rt_lib_init_lc_time_1                  0x08000223   Thumb Code     0  libinit2.o(.ARM.Collect$$libinit$$00000019)
    __rt_lib_init_return                     0x08000223   Thumb Code     0  libinit2.o(.ARM.Collect$$libinit$$00000033)
    __rt_lib_init_signal_1                   0x08000223   Thumb Code     0  libinit2.o(.ARM.Collect$$libinit$$0000001D)
    __rt_lib_init_stdio_1                    0x08000223   Thumb Code     0  libinit2.o(.ARM.Collect$$libinit$$00000025)
    __rt_lib_shutdown                        0x08000225   Thumb Code     0  libshutdown.o(.ARM.Collect$$libshutdown$$00000000)
    __rt_lib_shutdown_cpp_1                  0x08000227   Thumb Code     0  libshutdown2.o(.ARM.Collect$$libshutdown$$00000002)
    __rt_lib_shutdown_fp_trap_1              0x08000227   Thumb Code     0  libshutdown2.o(.ARM.Collect$$libshutdown$$00000007)
    __rt_lib_shutdown_heap_1                 0x08000227   Thumb Code     0  libshutdown2.o(.ARM.Collect$$libshutdown$$0000000F)
    __rt_lib_shutdown_return                 0x08000227   Thumb Code     0  libshutdown2.o(.ARM.Collect$$libshutdown$$00000010)
    __rt_lib_shutdown_signal_1               0x08000227   Thumb Code     0  libshutdown2.o(.ARM.Collect$$libshutdown$$0000000A)
    __rt_lib_shutdown_stdio_1                0x08000227   Thumb Code     0  libshutdown2.o(.ARM.Collect$$libshutdown$$00000004)
    __rt_lib_shutdown_user_alloc_1           0x08000227   Thumb Code     0  libshutdown2.o(.ARM.Collect$$libshutdown$$0000000C)
    __rt_entry                               0x08000229   Thumb Code     0  __rtentry.o(.ARM.Collect$$rtentry$$00000000)
    __rt_entry_presh_1                       0x08000229   Thumb Code     0  __rtentry2.o(.ARM.Collect$$rtentry$$00000002)
    __rt_entry_sh                            0x08000229   Thumb Code     0  __rtentry4.o(.ARM.Collect$$rtentry$$00000004)
    __rt_entry_li                            0x0800022f   Thumb Code     0  __rtentry2.o(.ARM.Collect$$rtentry$$0000000A)
    __rt_entry_postsh_1                      0x0800022f   Thumb Code     0  __rtentry2.o(.ARM.Collect$$rtentry$$00000009)
    __rt_entry_main                          0x08000233   Thumb Code     0  __rtentry2.o(.ARM.Collect$$rtentry$$0000000D)
    __rt_entry_postli_1                      0x08000233   Thumb Code     0  __rtentry2.o(.ARM.Collect$$rtentry$$0000000C)
    __rt_exit                                0x0800023b   Thumb Code     0  rtexit.o(.ARM.Collect$$rtexit$$00000000)
    __rt_exit_ls                             0x0800023d   Thumb Code     0  rtexit2.o(.ARM.Collect$$rtexit$$00000003)
    __rt_exit_prels_1                        0x0800023d   Thumb Code     0  rtexit2.o(.ARM.Collect$$rtexit$$00000002)
    __rt_exit_exit                           0x08000241   Thumb Code     0  rtexit2.o(.ARM.Collect$$rtexit$$00000004)
    Reset_Handler                            0x08000249   Thumb Code     8  startup_stm32f40_41xxx.o(.text)
    ADC_IRQHandler                           0x08000263   Thumb Code     0  startup_stm32f40_41xxx.o(.text)
    CAN1_RX1_IRQHandler                      0x08000263   Thumb Code     0  startup_stm32f40_41xxx.o(.text)
    CAN1_SCE_IRQHandler                      0x08000263   Thumb Code     0  startup_stm32f40_41xxx.o(.text)
    CAN2_RX0_IRQHandler                      0x08000263   Thumb Code     0  startup_stm32f40_41xxx.o(.text)
    CAN2_RX1_IRQHandler                      0x08000263   Thumb Code     0  startup_stm32f40_41xxx.o(.text)
    CAN2_SCE_IRQHandler                      0x08000263   Thumb Code     0  startup_stm32f40_41xxx.o(.text)
    CAN2_TX_IRQHandler                       0x08000263   Thumb Code     0  startup_stm32f40_41xxx.o(.text)
    CRYP_IRQHandler                          0x08000263   Thumb Code     0  startup_stm32f40_41xxx.o(.text)
    DCMI_IRQHandler                          0x08000263   Thumb Code     0  startup_stm32f40_41xxx.o(.text)
    DMA1_Stream0_IRQHandler                  0x08000263   Thumb Code     0  startup_stm32f40_41xxx.o(.text)
    DMA1_Stream1_IRQHandler                  0x08000263   Thumb Code     0  startup_stm32f40_41xxx.o(.text)
    DMA1_Stream2_IRQHandler                  0x08000263   Thumb Code     0  startup_stm32f40_41xxx.o(.text)
    DMA1_Stream3_IRQHandler                  0x08000263   Thumb Code     0  startup_stm32f40_41xxx.o(.text)
    DMA1_Stream4_IRQHandler                  0x08000263   Thumb Code     0  startup_stm32f40_41xxx.o(.text)
    DMA1_Stream5_IRQHandler                  0x08000263   Thumb Code     0  startup_stm32f40_41xxx.o(.text)
    DMA1_Stream6_IRQHandler                  0x08000263   Thumb Code     0  startup_stm32f40_41xxx.o(.text)
    DMA1_Stream7_IRQHandler                  0x08000263   Thumb Code     0  startup_stm32f40_41xxx.o(.text)
    DMA2_Stream0_IRQHandler                  0x08000263   Thumb Code     0  startup_stm32f40_41xxx.o(.text)
    DMA2_Stream1_IRQHandler                  0x08000263   Thumb Code     0  startup_stm32f40_41xxx.o(.text)
    DMA2_Stream2_IRQHandler                  0x08000263   Thumb Code     0  startup_stm32f40_41xxx.o(.text)
    DMA2_Stream3_IRQHandler                  0x08000263   Thumb Code     0  startup_stm32f40_41xxx.o(.text)
    DMA2_Stream4_IRQHandler                  0x08000263   Thumb Code     0  startup_stm32f40_41xxx.o(.text)
    DMA2_Stream5_IRQHandler                  0x08000263   Thumb Code     0  startup_stm32f40_41xxx.o(.text)
    DMA2_Stream6_IRQHandler                  0x08000263   Thumb Code     0  startup_stm32f40_41xxx.o(.text)
    DMA2_Stream7_IRQHandler                  0x08000263   Thumb Code     0  startup_stm32f40_41xxx.o(.text)
    ETH_IRQHandler                           0x08000263   Thumb Code     0  startup_stm32f40_41xxx.o(.text)
    ETH_WKUP_IRQHandler                      0x08000263   Thumb Code     0  startup_stm32f40_41xxx.o(.text)
    EXTI0_IRQHandler                         0x08000263   Thumb Code     0  startup_stm32f40_41xxx.o(.text)
    EXTI15_10_IRQHandler                     0x08000263   Thumb Code     0  startup_stm32f40_41xxx.o(.text)
    EXTI1_IRQHandler                         0x08000263   Thumb Code     0  startup_stm32f40_41xxx.o(.text)
    EXTI2_IRQHandler                         0x08000263   Thumb Code     0  startup_stm32f40_41xxx.o(.text)
    EXTI3_IRQHandler                         0x08000263   Thumb Code     0  startup_stm32f40_41xxx.o(.text)
    FLASH_IRQHandler                         0x08000263   Thumb Code     0  startup_stm32f40_41xxx.o(.text)
    FPU_IRQHandler                           0x08000263   Thumb Code     0  startup_stm32f40_41xxx.o(.text)
    FSMC_IRQHandler                          0x08000263   Thumb Code     0  startup_stm32f40_41xxx.o(.text)
    HASH_RNG_IRQHandler                      0x08000263   Thumb Code     0  startup_stm32f40_41xxx.o(.text)
    I2C1_ER_IRQHandler                       0x08000263   Thumb Code     0  startup_stm32f40_41xxx.o(.text)
    I2C1_EV_IRQHandler                       0x08000263   Thumb Code     0  startup_stm32f40_41xxx.o(.text)
    I2C2_ER_IRQHandler                       0x08000263   Thumb Code     0  startup_stm32f40_41xxx.o(.text)
    I2C2_EV_IRQHandler                       0x08000263   Thumb Code     0  startup_stm32f40_41xxx.o(.text)
    I2C3_ER_IRQHandler                       0x08000263   Thumb Code     0  startup_stm32f40_41xxx.o(.text)
    I2C3_EV_IRQHandler                       0x08000263   Thumb Code     0  startup_stm32f40_41xxx.o(.text)
    OTG_FS_IRQHandler                        0x08000263   Thumb Code     0  startup_stm32f40_41xxx.o(.text)
    OTG_FS_WKUP_IRQHandler                   0x08000263   Thumb Code     0  startup_stm32f40_41xxx.o(.text)
    OTG_HS_EP1_IN_IRQHandler                 0x08000263   Thumb Code     0  startup_stm32f40_41xxx.o(.text)
    OTG_HS_EP1_OUT_IRQHandler                0x08000263   Thumb Code     0  startup_stm32f40_41xxx.o(.text)
    OTG_HS_IRQHandler                        0x08000263   Thumb Code     0  startup_stm32f40_41xxx.o(.text)
    OTG_HS_WKUP_IRQHandler                   0x08000263   Thumb Code     0  startup_stm32f40_41xxx.o(.text)
    PVD_IRQHandler                           0x08000263   Thumb Code     0  startup_stm32f40_41xxx.o(.text)
    RCC_IRQHandler                           0x08000263   Thumb Code     0  startup_stm32f40_41xxx.o(.text)
    RTC_Alarm_IRQHandler                     0x08000263   Thumb Code     0  startup_stm32f40_41xxx.o(.text)
    RTC_WKUP_IRQHandler                      0x08000263   Thumb Code     0  startup_stm32f40_41xxx.o(.text)
    SDIO_IRQHandler                          0x08000263   Thumb Code     0  startup_stm32f40_41xxx.o(.text)
    SPI1_IRQHandler                          0x08000263   Thumb Code     0  startup_stm32f40_41xxx.o(.text)
    SPI2_IRQHandler                          0x08000263   Thumb Code     0  startup_stm32f40_41xxx.o(.text)
    SPI3_IRQHandler                          0x08000263   Thumb Code     0  startup_stm32f40_41xxx.o(.text)
    TAMP_STAMP_IRQHandler                    0x08000263   Thumb Code     0  startup_stm32f40_41xxx.o(.text)
    TIM1_BRK_TIM9_IRQHandler                 0x08000263   Thumb Code     0  startup_stm32f40_41xxx.o(.text)
    TIM1_CC_IRQHandler                       0x08000263   Thumb Code     0  startup_stm32f40_41xxx.o(.text)
    TIM1_TRG_COM_TIM11_IRQHandler            0x08000263   Thumb Code     0  startup_stm32f40_41xxx.o(.text)
    TIM1_UP_TIM10_IRQHandler                 0x08000263   Thumb Code     0  startup_stm32f40_41xxx.o(.text)
    TIM4_IRQHandler                          0x08000263   Thumb Code     0  startup_stm32f40_41xxx.o(.text)
    TIM6_DAC_IRQHandler                      0x08000263   Thumb Code     0  startup_stm32f40_41xxx.o(.text)
    TIM7_IRQHandler                          0x08000263   Thumb Code     0  startup_stm32f40_41xxx.o(.text)
    TIM8_BRK_TIM12_IRQHandler                0x08000263   Thumb Code     0  startup_stm32f40_41xxx.o(.text)
    TIM8_CC_IRQHandler                       0x08000263   Thumb Code     0  startup_stm32f40_41xxx.o(.text)
    TIM8_TRG_COM_TIM14_IRQHandler            0x08000263   Thumb Code     0  startup_stm32f40_41xxx.o(.text)
    TIM8_UP_TIM13_IRQHandler                 0x08000263   Thumb Code     0  startup_stm32f40_41xxx.o(.text)
    UART4_IRQHandler                         0x08000263   Thumb Code     0  startup_stm32f40_41xxx.o(.text)
    UART5_IRQHandler                         0x08000263   Thumb Code     0  startup_stm32f40_41xxx.o(.text)
    WWDG_IRQHandler                          0x08000263   Thumb Code     0  startup_stm32f40_41xxx.o(.text)
    __user_initial_stackheap                 0x08000265   Thumb Code     0  startup_stm32f40_41xxx.o(.text)
    __2sprintf                               0x08000289   Thumb Code    34  noretval__2sprintf.o(.text)
    __printf                                 0x080002b1   Thumb Code   104  __printf.o(.text)
    _printf_int_hex                          0x08000319   Thumb Code    84  _printf_hex_int.o(.text)
    _printf_longlong_hex                     0x08000319   Thumb Code     0  _printf_hex_int.o(.text)
    __use_two_region_memory                  0x08000371   Thumb Code     2  heapauxi.o(.text)
    __rt_heap_escrow$2region                 0x08000373   Thumb Code     2  heapauxi.o(.text)
    __rt_heap_expand$2region                 0x08000375   Thumb Code     2  heapauxi.o(.text)
    _printf_int_common                       0x08000377   Thumb Code   178  _printf_intcommon.o(.text)
    __lib_sel_fp_printf                      0x08000429   Thumb Code     2  _printf_fp_dec.o(.text)
    _printf_fp_dec_real                      0x080005db   Thumb Code   620  _printf_fp_dec.o(.text)
    _printf_char_common                      0x08000853   Thumb Code    32  _printf_char_common.o(.text)
    _sputc                                   0x08000879   Thumb Code    10  _sputc.o(.text)
    __rt_locale                              0x08000885   Thumb Code     8  rt_locale_intlibspace.o(.text)
    _ll_udiv10                               0x0800088d   Thumb Code   138  lludiv10.o(.text)
    _printf_fp_infnan                        0x08000919   Thumb Code   112  _printf_fp_infnan.o(.text)
    _btod_etento                             0x08000999   Thumb Code   224  bigflt0.o(.text)
    __user_libspace                          0x08000a7d   Thumb Code     8  libspace.o(.text)
    __user_perproc_libspace                  0x08000a7d   Thumb Code     0  libspace.o(.text)
    __user_perthread_libspace                0x08000a7d   Thumb Code     0  libspace.o(.text)
    __user_setup_stackheap                   0x08000a85   Thumb Code    74  sys_stackheap_outer.o(.text)
    exit                                     0x08000acf   Thumb Code    18  exit.o(.text)
    strcmp                                   0x08000ae1   Thumb Code   128  strcmpv7m.o(.text)
    _sys_exit                                0x08000b61   Thumb Code     8  sys_exit.o(.text)
    __I$use$semihosting                      0x08000b6d   Thumb Code     0  use_no_semi.o(.text)
    __use_no_semihosting_swi                 0x08000b6d   Thumb Code     2  use_no_semi.o(.text)
    __semihosting_library_function           0x08000b6f   Thumb Code     0  indicate_semi.o(.text)
    _btod_d2e                                0x08000b6f   Thumb Code    62  btod.o(CL$$btod_d2e)
    _d2e_denorm_low                          0x08000bad   Thumb Code    70  btod.o(CL$$btod_d2e_denorm_low)
    _d2e_norm_op1                            0x08000bf3   Thumb Code    96  btod.o(CL$$btod_d2e_norm_op1)
    __btod_div_common                        0x08000c53   Thumb Code   696  btod.o(CL$$btod_div_common)
    _e2e                                     0x08000f8b   Thumb Code   220  btod.o(CL$$btod_e2e)
    _btod_ediv                               0x08001067   Thumb Code    42  btod.o(CL$$btod_ediv)
    _btod_emul                               0x08001091   Thumb Code    42  btod.o(CL$$btod_emul)
    __btod_mult_common                       0x080010bb   Thumb Code   580  btod.o(CL$$btod_mult_common)
    Beep_Init                                0x08001301   Thumb Code    22  bsp_beep.o(i.Beep_Init)
    BusFault_Handler                         0x0800131d   Thumb Code     4  stm32f4xx_it.o(i.BusFault_Handler)
    CAN1_RX0_IRQHandler                      0x08001321   Thumb Code    44  stm32f4xx_it.o(i.CAN1_RX0_IRQHandler)
    CAN1_TX_IRQHandler                       0x08001351   Thumb Code    22  stm32f4xx_it.o(i.CAN1_TX_IRQHandler)
    CAN_ClearFlag                            0x0800136d   Thumb Code    52  stm32f4xx_can.o(i.CAN_ClearFlag)
    CAN_ClearITPendingBit                    0x080013a5   Thumb Code   162  stm32f4xx_can.o(i.CAN_ClearITPendingBit)
    CAN_GetITStatus                          0x0800144d   Thumb Code   284  stm32f4xx_can.o(i.CAN_GetITStatus)
    CAN_Receive                              0x0800156d   Thumb Code   240  stm32f4xx_can.o(i.CAN_Receive)
    DebugMon_Handler                         0x0800166f   Thumb Code     2  stm32f4xx_it.o(i.DebugMon_Handler)
    EXTI4_IRQHandler                         0x08001671   Thumb Code    10  stm32f4xx_it.o(i.EXTI4_IRQHandler)
    EXTI9_5_IRQHandler                       0x0800167b   Thumb Code    10  stm32f4xx_it.o(i.EXTI9_5_IRQHandler)
    EXTI_ClearITPendingBit                   0x08001685   Thumb Code     6  stm32f4xx_exti.o(i.EXTI_ClearITPendingBit)
    GPIO_Format_Init                         0x08001691   Thumb Code   412  drv_gpio.o(i.GPIO_Format_Init)
    GPIO_Init                                0x080018b1   Thumb Code   144  stm32f4xx_gpio.o(i.GPIO_Init)
    GPIO_PinAFConfig                         0x08001941   Thumb Code    70  stm32f4xx_gpio.o(i.GPIO_PinAFConfig)
    GPIO_ResetBits                           0x08001987   Thumb Code     4  stm32f4xx_gpio.o(i.GPIO_ResetBits)
    GPIO_SetBits                             0x0800198b   Thumb Code     4  stm32f4xx_gpio.o(i.GPIO_SetBits)
    Get_AD7606_voltdata                      0x08001991   Thumb Code    60  bsp_ad7606.o(i.Get_AD7606_voltdata)
    HardFault_Handler                        0x080019d9   Thumb Code     4  stm32f4xx_it.o(i.HardFault_Handler)
    InterruptTask_TIM2                       0x080019dd   Thumb Code     2  interrupt_task.o(i.InterruptTask_TIM2)
    InterruptTask_TIM3                       0x080019e1   Thumb Code    48  interrupt_task.o(i.InterruptTask_TIM3)
    InterruptTask_TIM5                       0x08001a29   Thumb Code    12  interrupt_task.o(i.InterruptTask_TIM5)
    Key_Init                                 0x08001a35   Thumb Code    24  bsp_key.o(i.Key_Init)
    LED_Init                                 0x08001a51   Thumb Code    32  bsp_led.o(i.LED_Init)
    LED_Task                                 0x08001a75   Thumb Code   116  bsp_led.o(i.LED_Task)
    MemManage_Handler                        0x08001af5   Thumb Code     4  stm32f4xx_it.o(i.MemManage_Handler)
    NMI_Handler                              0x08001af9   Thumb Code     2  stm32f4xx_it.o(i.NMI_Handler)
    NVIC_Init                                0x08001afd   Thumb Code   106  misc.o(i.NVIC_Init)
    NVIC_PriorityGroupConfig                 0x08001b75   Thumb Code    10  misc.o(i.NVIC_PriorityGroupConfig)
    PendSV_Handler                           0x08001b89   Thumb Code     2  stm32f4xx_it.o(i.PendSV_Handler)
    RCC_AHB1PeriphClockCmd                   0x08001b8d   Thumb Code    26  stm32f4xx_rcc.o(i.RCC_AHB1PeriphClockCmd)
    RCC_APB1PeriphClockCmd                   0x08001bad   Thumb Code    26  stm32f4xx_rcc.o(i.RCC_APB1PeriphClockCmd)
    RCC_APB1PeriphResetCmd                   0x08001bcd   Thumb Code    26  stm32f4xx_rcc.o(i.RCC_APB1PeriphResetCmd)
    RCC_APB2PeriphClockCmd                   0x08001bed   Thumb Code    26  stm32f4xx_rcc.o(i.RCC_APB2PeriphClockCmd)
    RCC_APB2PeriphResetCmd                   0x08001c0d   Thumb Code    26  stm32f4xx_rcc.o(i.RCC_APB2PeriphResetCmd)
    RCC_GetClocksFreq                        0x08001c2d   Thumb Code   214  stm32f4xx_rcc.o(i.RCC_GetClocksFreq)
    SPI_Cmd                                  0x08001d15   Thumb Code    24  stm32f4xx_spi.o(i.SPI_Cmd)
    SPI_I2S_DeInit                           0x08001d2d   Thumb Code   152  stm32f4xx_spi.o(i.SPI_I2S_DeInit)
    SPI_I2S_GetFlagStatus                    0x08001ddd   Thumb Code    18  stm32f4xx_spi.o(i.SPI_I2S_GetFlagStatus)
    SPI_Init                                 0x08001def   Thumb Code    60  stm32f4xx_spi.o(i.SPI_Init)
    SVC_Handler                              0x08001e2b   Thumb Code     2  stm32f4xx_it.o(i.SVC_Handler)
    Serial_Send                              0x08001e2d   Thumb Code   414  drv_uart.o(i.Serial_Send)
    Serial_SendByte                          0x08001fd5   Thumb Code    30  drv_uart.o(i.Serial_SendByte)
    SysTick_Handler                          0x080020e1   Thumb Code    18  stm32f4xx_it.o(i.SysTick_Handler)
    SysTick_Init                             0x080020f9   Thumb Code    38  drv_systick.o(i.SysTick_Init)
    SystemInit                               0x08002129   Thumb Code    88  system_stm32f4xx.o(i.SystemInit)
    System_Init                              0x08002191   Thumb Code   124  init.o(i.System_Init)
    TIM2_IRQHandler                          0x08002211   Thumb Code    26  stm32f4xx_it.o(i.TIM2_IRQHandler)
    TIM2_Init                                0x0800222b   Thumb Code    86  drv_timer.o(i.TIM2_Init)
    TIM3_IRQHandler                          0x08002281   Thumb Code    26  stm32f4xx_it.o(i.TIM3_IRQHandler)
    TIM3_Init                                0x080022a1   Thumb Code    88  drv_timer.o(i.TIM3_Init)
    TIM5_IRQHandler                          0x080022fd   Thumb Code    26  stm32f4xx_it.o(i.TIM5_IRQHandler)
    TIM5_Init                                0x0800231d   Thumb Code    88  drv_timer.o(i.TIM5_Init)
    TIM_ClearITPendingBit                    0x08002379   Thumb Code     6  stm32f4xx_tim.o(i.TIM_ClearITPendingBit)
    TIM_Cmd                                  0x0800237f   Thumb Code    24  stm32f4xx_tim.o(i.TIM_Cmd)
    TIM_GetITStatus                          0x08002397   Thumb Code    34  stm32f4xx_tim.o(i.TIM_GetITStatus)
    TIM_ITConfig                             0x080023b9   Thumb Code    18  stm32f4xx_tim.o(i.TIM_ITConfig)
    TIM_TimeBaseInit                         0x080023cd   Thumb Code   104  stm32f4xx_tim.o(i.TIM_TimeBaseInit)
    USART1_IRQHandler                        0x08002451   Thumb Code    26  stm32f4xx_it.o(i.USART1_IRQHandler)
    USART1_Init                              0x08002471   Thumb Code   170  drv_uart.o(i.USART1_Init)
    USART2_IRQHandler                        0x08002525   Thumb Code    26  stm32f4xx_it.o(i.USART2_IRQHandler)
    USART2_Init                              0x08002545   Thumb Code   168  drv_uart.o(i.USART2_Init)
    USART3_IRQHandler                        0x080025f5   Thumb Code    26  stm32f4xx_it.o(i.USART3_IRQHandler)
    USART6_IRQHandler                        0x08002615   Thumb Code    26  stm32f4xx_it.o(i.USART6_IRQHandler)
    USART6_Init                              0x08002635   Thumb Code   168  drv_uart.o(i.USART6_Init)
    USART_ClearITPendingBit                  0x080026e5   Thumb Code    30  stm32f4xx_usart.o(i.USART_ClearITPendingBit)
    USART_Cmd                                0x08002703   Thumb Code    24  stm32f4xx_usart.o(i.USART_Cmd)
    USART_GetFlagStatus                      0x0800271b   Thumb Code    26  stm32f4xx_usart.o(i.USART_GetFlagStatus)
    USART_ITConfig                           0x08002735   Thumb Code    74  stm32f4xx_usart.o(i.USART_ITConfig)
    USART_Init                               0x08002781   Thumb Code   204  stm32f4xx_usart.o(i.USART_Init)
    USART_SendData                           0x08002855   Thumb Code     8  stm32f4xx_usart.o(i.USART_SendData)
    UsageFault_Handler                       0x0800285d   Thumb Code     4  stm32f4xx_it.o(i.UsageFault_Handler)
    __ARM_fpclassify                         0x08002861   Thumb Code    48  fpclassify.o(i.__ARM_fpclassify)
    ad7606_IRQSrc                            0x08002891   Thumb Code    60  bsp_ad7606.o(i.ad7606_IRQSrc)
    ad7606_ReadBytes                         0x080028ed   Thumb Code    16  bsp_ad7606.o(i.ad7606_ReadBytes)
    ad7606_Reset                             0x080028fd   Thumb Code    64  bsp_ad7606.o(i.ad7606_Reset)
    ad7606_SetOS                             0x08002941   Thumb Code   210  bsp_ad7606.o(i.ad7606_SetOS)
    ad7606_StartConv                         0x08002a19   Thumb Code    84  bsp_ad7606.o(i.ad7606_StartConv)
    bsp_InitAD7606                           0x08002a71   Thumb Code   158  bsp_ad7606.o(i.bsp_InitAD7606)
    delay_ms                                 0x08002b1d   Thumb Code    62  drv_systick.o(i.delay_ms)
    drv_spi_init                             0x08002b61   Thumb Code   190  drv_spi.o(i.drv_spi_init)
    drv_spi_read_write_byte                  0x08002c29   Thumb Code    78  drv_spi.o(i.drv_spi_read_write_byte)
    itoa                                     0x08002c7d   Thumb Code    98  drv_uart.o(i.itoa)
    main                                     0x08002ce5   Thumb Code     8  main.o(i.main)
    _get_lc_numeric                          0x08002ced   Thumb Code    44  lc_numeric_c.o(locale$$code)
    __aeabi_d2f                              0x08002d19   Thumb Code     0  d2f.o(x$fpl$d2f)
    _d2f                                     0x08002d19   Thumb Code    98  d2f.o(x$fpl$d2f)
    __aeabi_i2d                              0x08002d7b   Thumb Code     0  dflt_clz.o(x$fpl$dflt)
    _dflt                                    0x08002d7b   Thumb Code    46  dflt_clz.o(x$fpl$dflt)
    __aeabi_dmul                             0x08002da9   Thumb Code     0  dmul.o(x$fpl$dmul)
    _dmul                                    0x08002da9   Thumb Code   332  dmul.o(x$fpl$dmul)
    __fpl_dnaninf                            0x08002efd   Thumb Code   156  dnaninf.o(x$fpl$dnaninf)
    __fpl_dretinf                            0x08002f99   Thumb Code    12  dretinf.o(x$fpl$dretinf)
    __aeabi_f2d                              0x08002fa5   Thumb Code     0  f2d.o(x$fpl$f2d)
    _f2d                                     0x08002fa5   Thumb Code    86  f2d.o(x$fpl$f2d)
    __fpl_fnaninf                            0x08002ffb   Thumb Code   140  fnaninf.o(x$fpl$fnaninf)
    _fp_init                                 0x08003087   Thumb Code    10  fpinit.o(x$fpl$fpinit)
    __fplib_config_fpu_vfp                   0x0800308f   Thumb Code     0  fpinit.o(x$fpl$fpinit)
    __fplib_config_pureend_doubles           0x0800308f   Thumb Code     0  fpinit.o(x$fpl$fpinit)
    __fpl_fretinf                            0x08003091   Thumb Code    10  fretinf.o(x$fpl$fretinf)
    _printf_fp_dec                           0x0800309b   Thumb Code     4  printf1.o(x$fpl$printf1)
    __I$use$fp                               0x0800309e   Number         0  usenofp.o(x$fpl$usenofp)
    Region$$Table$$Base                      0x0800315c   Number         0  anon$$obj.o(Region$$Table)
    Region$$Table$$Limit                     0x0800317c   Number         0  anon$$obj.o(Region$$Table)
    SystemCoreClock                          0x20000000   Data           4  system_stm32f4xx.o(.data)
    AHBPrescTable                            0x20000004   Data          16  system_stm32f4xx.o(.data)
    E_COUNTER                                0x20000014   Data           4  drv_systick.o(.data)
    G_conv_data                              0x20000038   Data          16  bsp_ad7606.o(.bss)
    __libspace_start                         0x20000048   Data          96  libspace.o(.bss)
    __temporary_stack_top$libspace           0x200000a8   Data           0  libspace.o(.bss)



==============================================================================

Memory Map of the image

  Image Entry point : 0x08000189

  Load Region LR_IROM1 (Base: 0x08000000, Size: 0x000031d0, Max: 0x00080000, ABSOLUTE)

    Execution Region ER_IROM1 (Exec base: 0x08000000, Load base: 0x08000000, Size: 0x00003198, Max: 0x00080000, ABSOLUTE)

    Exec Addr    Load Addr    Size         Type   Attr      Idx    E Section Name        Object

    0x08000000   0x08000000   0x00000188   Data   RO          828    RESET               startup_stm32f40_41xxx.o
    0x08000188   0x08000188   0x00000008   Code   RO         5617  * !!!main             c_w.l(__main.o)
    0x08000190   0x08000190   0x00000034   Code   RO         5851    !!!scatter          c_w.l(__scatter.o)
    0x080001c4   0x080001c4   0x0000001a   Code   RO         5853    !!handler_copy      c_w.l(__scatter_copy.o)
    0x080001de   0x080001de   0x00000002   PAD
    0x080001e0   0x080001e0   0x0000001c   Code   RO         5855    !!handler_zi        c_w.l(__scatter_zi.o)
    0x080001fc   0x080001fc   0x00000000   Code   RO         5614    .ARM.Collect$$_printf_percent$$00000000  c_w.l(_printf_percent.o)
    0x080001fc   0x080001fc   0x00000006   Code   RO         5613    .ARM.Collect$$_printf_percent$$00000003  c_w.l(_printf_f.o)
    0x08000202   0x08000202   0x00000006   Code   RO         5612    .ARM.Collect$$_printf_percent$$0000000C  c_w.l(_printf_x.o)
    0x08000208   0x08000208   0x00000004   Code   RO         5642    .ARM.Collect$$_printf_percent$$00000017  c_w.l(_printf_percent_end.o)
    0x0800020c   0x0800020c   0x00000002   Code   RO         5724    .ARM.Collect$$libinit$$00000000  c_w.l(libinit.o)
    0x0800020e   0x0800020e   0x00000004   Code   RO         5725    .ARM.Collect$$libinit$$00000001  c_w.l(libinit2.o)
    0x08000212   0x08000212   0x00000000   Code   RO         5728    .ARM.Collect$$libinit$$00000004  c_w.l(libinit2.o)
    0x08000212   0x08000212   0x00000000   Code   RO         5731    .ARM.Collect$$libinit$$0000000A  c_w.l(libinit2.o)
    0x08000212   0x08000212   0x00000000   Code   RO         5733    .ARM.Collect$$libinit$$0000000C  c_w.l(libinit2.o)
    0x08000212   0x08000212   0x00000000   Code   RO         5735    .ARM.Collect$$libinit$$0000000E  c_w.l(libinit2.o)
    0x08000212   0x08000212   0x00000006   Code   RO         5736    .ARM.Collect$$libinit$$0000000F  c_w.l(libinit2.o)
    0x08000218   0x08000218   0x00000000   Code   RO         5738    .ARM.Collect$$libinit$$00000011  c_w.l(libinit2.o)
    0x08000218   0x08000218   0x00000000   Code   RO         5740    .ARM.Collect$$libinit$$00000013  c_w.l(libinit2.o)
    0x08000218   0x08000218   0x00000000   Code   RO         5742    .ARM.Collect$$libinit$$00000015  c_w.l(libinit2.o)
    0x08000218   0x08000218   0x0000000a   Code   RO         5743    .ARM.Collect$$libinit$$00000016  c_w.l(libinit2.o)
    0x08000222   0x08000222   0x00000000   Code   RO         5744    .ARM.Collect$$libinit$$00000017  c_w.l(libinit2.o)
    0x08000222   0x08000222   0x00000000   Code   RO         5746    .ARM.Collect$$libinit$$00000019  c_w.l(libinit2.o)
    0x08000222   0x08000222   0x00000000   Code   RO         5748    .ARM.Collect$$libinit$$0000001B  c_w.l(libinit2.o)
    0x08000222   0x08000222   0x00000000   Code   RO         5750    .ARM.Collect$$libinit$$0000001D  c_w.l(libinit2.o)
    0x08000222   0x08000222   0x00000000   Code   RO         5752    .ARM.Collect$$libinit$$0000001F  c_w.l(libinit2.o)
    0x08000222   0x08000222   0x00000000   Code   RO         5754    .ARM.Collect$$libinit$$00000021  c_w.l(libinit2.o)
    0x08000222   0x08000222   0x00000000   Code   RO         5756    .ARM.Collect$$libinit$$00000023  c_w.l(libinit2.o)
    0x08000222   0x08000222   0x00000000   Code   RO         5758    .ARM.Collect$$libinit$$00000025  c_w.l(libinit2.o)
    0x08000222   0x08000222   0x00000000   Code   RO         5762    .ARM.Collect$$libinit$$0000002C  c_w.l(libinit2.o)
    0x08000222   0x08000222   0x00000000   Code   RO         5764    .ARM.Collect$$libinit$$0000002E  c_w.l(libinit2.o)
    0x08000222   0x08000222   0x00000000   Code   RO         5766    .ARM.Collect$$libinit$$00000030  c_w.l(libinit2.o)
    0x08000222   0x08000222   0x00000000   Code   RO         5768    .ARM.Collect$$libinit$$00000032  c_w.l(libinit2.o)
    0x08000222   0x08000222   0x00000002   Code   RO         5769    .ARM.Collect$$libinit$$00000033  c_w.l(libinit2.o)
    0x08000224   0x08000224   0x00000002   Code   RO         5799    .ARM.Collect$$libshutdown$$00000000  c_w.l(libshutdown.o)
    0x08000226   0x08000226   0x00000000   Code   RO         5810    .ARM.Collect$$libshutdown$$00000002  c_w.l(libshutdown2.o)
    0x08000226   0x08000226   0x00000000   Code   RO         5812    .ARM.Collect$$libshutdown$$00000004  c_w.l(libshutdown2.o)
    0x08000226   0x08000226   0x00000000   Code   RO         5815    .ARM.Collect$$libshutdown$$00000007  c_w.l(libshutdown2.o)
    0x08000226   0x08000226   0x00000000   Code   RO         5818    .ARM.Collect$$libshutdown$$0000000A  c_w.l(libshutdown2.o)
    0x08000226   0x08000226   0x00000000   Code   RO         5820    .ARM.Collect$$libshutdown$$0000000C  c_w.l(libshutdown2.o)
    0x08000226   0x08000226   0x00000000   Code   RO         5823    .ARM.Collect$$libshutdown$$0000000F  c_w.l(libshutdown2.o)
    0x08000226   0x08000226   0x00000002   Code   RO         5824    .ARM.Collect$$libshutdown$$00000010  c_w.l(libshutdown2.o)
    0x08000228   0x08000228   0x00000000   Code   RO         5633    .ARM.Collect$$rtentry$$00000000  c_w.l(__rtentry.o)
    0x08000228   0x08000228   0x00000000   Code   RO         5653    .ARM.Collect$$rtentry$$00000002  c_w.l(__rtentry2.o)
    0x08000228   0x08000228   0x00000006   Code   RO         5665    .ARM.Collect$$rtentry$$00000004  c_w.l(__rtentry4.o)
    0x0800022e   0x0800022e   0x00000000   Code   RO         5655    .ARM.Collect$$rtentry$$00000009  c_w.l(__rtentry2.o)
    0x0800022e   0x0800022e   0x00000004   Code   RO         5656    .ARM.Collect$$rtentry$$0000000A  c_w.l(__rtentry2.o)
    0x08000232   0x08000232   0x00000000   Code   RO         5658    .ARM.Collect$$rtentry$$0000000C  c_w.l(__rtentry2.o)
    0x08000232   0x08000232   0x00000008   Code   RO         5659    .ARM.Collect$$rtentry$$0000000D  c_w.l(__rtentry2.o)
    0x0800023a   0x0800023a   0x00000002   Code   RO         5770    .ARM.Collect$$rtexit$$00000000  c_w.l(rtexit.o)
    0x0800023c   0x0800023c   0x00000000   Code   RO         5777    .ARM.Collect$$rtexit$$00000002  c_w.l(rtexit2.o)
    0x0800023c   0x0800023c   0x00000004   Code   RO         5778    .ARM.Collect$$rtexit$$00000003  c_w.l(rtexit2.o)
    0x08000240   0x08000240   0x00000006   Code   RO         5779    .ARM.Collect$$rtexit$$00000004  c_w.l(rtexit2.o)
    0x08000246   0x08000246   0x00000002   PAD
    0x08000248   0x08000248   0x00000040   Code   RO          829    .text               startup_stm32f40_41xxx.o
    0x08000288   0x08000288   0x00000028   Code   RO         5567    .text               c_w.l(noretval__2sprintf.o)
    0x080002b0   0x080002b0   0x00000068   Code   RO         5569    .text               c_w.l(__printf.o)
    0x08000318   0x08000318   0x00000058   Code   RO         5574    .text               c_w.l(_printf_hex_int.o)
    0x08000370   0x08000370   0x00000006   Code   RO         5615    .text               c_w.l(heapauxi.o)
    0x08000376   0x08000376   0x000000b2   Code   RO         5634    .text               c_w.l(_printf_intcommon.o)
    0x08000428   0x08000428   0x0000041e   Code   RO         5636    .text               c_w.l(_printf_fp_dec.o)
    0x08000846   0x08000846   0x00000002   PAD
    0x08000848   0x08000848   0x00000030   Code   RO         5638    .text               c_w.l(_printf_char_common.o)
    0x08000878   0x08000878   0x0000000a   Code   RO         5640    .text               c_w.l(_sputc.o)
    0x08000882   0x08000882   0x00000002   PAD
    0x08000884   0x08000884   0x00000008   Code   RO         5670    .text               c_w.l(rt_locale_intlibspace.o)
    0x0800088c   0x0800088c   0x0000008a   Code   RO         5672    .text               c_w.l(lludiv10.o)
    0x08000916   0x08000916   0x00000002   PAD
    0x08000918   0x08000918   0x00000080   Code   RO         5674    .text               c_w.l(_printf_fp_infnan.o)
    0x08000998   0x08000998   0x000000e4   Code   RO         5678    .text               c_w.l(bigflt0.o)
    0x08000a7c   0x08000a7c   0x00000008   Code   RO         5710    .text               c_w.l(libspace.o)
    0x08000a84   0x08000a84   0x0000004a   Code   RO         5713    .text               c_w.l(sys_stackheap_outer.o)
    0x08000ace   0x08000ace   0x00000012   Code   RO         5715    .text               c_w.l(exit.o)
    0x08000ae0   0x08000ae0   0x00000080   Code   RO         5717    .text               c_w.l(strcmpv7m.o)
    0x08000b60   0x08000b60   0x0000000c   Code   RO         5789    .text               c_w.l(sys_exit.o)
    0x08000b6c   0x08000b6c   0x00000002   Code   RO         5800    .text               c_w.l(use_no_semi.o)
    0x08000b6e   0x08000b6e   0x00000000   Code   RO         5802    .text               c_w.l(indicate_semi.o)
    0x08000b6e   0x08000b6e   0x0000003e   Code   RO         5681    CL$$btod_d2e        c_w.l(btod.o)
    0x08000bac   0x08000bac   0x00000046   Code   RO         5683    CL$$btod_d2e_denorm_low  c_w.l(btod.o)
    0x08000bf2   0x08000bf2   0x00000060   Code   RO         5682    CL$$btod_d2e_norm_op1  c_w.l(btod.o)
    0x08000c52   0x08000c52   0x00000338   Code   RO         5691    CL$$btod_div_common  c_w.l(btod.o)
    0x08000f8a   0x08000f8a   0x000000dc   Code   RO         5688    CL$$btod_e2e        c_w.l(btod.o)
    0x08001066   0x08001066   0x0000002a   Code   RO         5685    CL$$btod_ediv       c_w.l(btod.o)
    0x08001090   0x08001090   0x0000002a   Code   RO         5684    CL$$btod_emul       c_w.l(btod.o)
    0x080010ba   0x080010ba   0x00000244   Code   RO         5690    CL$$btod_mult_common  c_w.l(btod.o)
    0x080012fe   0x080012fe   0x00000002   PAD
    0x08001300   0x08001300   0x0000001c   Code   RO          699    i.Beep_Init         bsp_beep.o
    0x0800131c   0x0800131c   0x00000004   Code   RO          143    i.BusFault_Handler  stm32f4xx_it.o
    0x08001320   0x08001320   0x00000030   Code   RO          144    i.CAN1_RX0_IRQHandler  stm32f4xx_it.o
    0x08001350   0x08001350   0x0000001c   Code   RO          145    i.CAN1_TX_IRQHandler  stm32f4xx_it.o
    0x0800136c   0x0800136c   0x00000038   Code   RO         1122    i.CAN_ClearFlag     stm32f4xx_can.o
    0x080013a4   0x080013a4   0x000000a8   Code   RO         1123    i.CAN_ClearITPendingBit  stm32f4xx_can.o
    0x0800144c   0x0800144c   0x00000120   Code   RO         1129    i.CAN_GetITStatus   stm32f4xx_can.o
    0x0800156c   0x0800156c   0x000000f0   Code   RO         1137    i.CAN_Receive       stm32f4xx_can.o
    0x0800165c   0x0800165c   0x00000012   Code   RO         1145    i.CheckITStatus     stm32f4xx_can.o
    0x0800166e   0x0800166e   0x00000002   Code   RO          146    i.DebugMon_Handler  stm32f4xx_it.o
    0x08001670   0x08001670   0x0000000a   Code   RO          147    i.EXTI4_IRQHandler  stm32f4xx_it.o
    0x0800167a   0x0800167a   0x0000000a   Code   RO          148    i.EXTI9_5_IRQHandler  stm32f4xx_it.o
    0x08001684   0x08001684   0x0000000c   Code   RO         2082    i.EXTI_ClearITPendingBit  stm32f4xx_exti.o
    0x08001690   0x08001690   0x00000220   Code   RO          651    i.GPIO_Format_Init  drv_gpio.o
    0x080018b0   0x080018b0   0x00000090   Code   RO         2558    i.GPIO_Init         stm32f4xx_gpio.o
    0x08001940   0x08001940   0x00000046   Code   RO         2559    i.GPIO_PinAFConfig  stm32f4xx_gpio.o
    0x08001986   0x08001986   0x00000004   Code   RO         2565    i.GPIO_ResetBits    stm32f4xx_gpio.o
    0x0800198a   0x0800198a   0x00000004   Code   RO         2566    i.GPIO_SetBits      stm32f4xx_gpio.o
    0x0800198e   0x0800198e   0x00000002   PAD
    0x08001990   0x08001990   0x00000048   Code   RO          769    i.Get_AD7606_voltdata  bsp_ad7606.o
    0x080019d8   0x080019d8   0x00000004   Code   RO          149    i.HardFault_Handler  stm32f4xx_it.o
    0x080019dc   0x080019dc   0x00000002   Code   RO          371    i.InterruptTask_TIM2  interrupt_task.o
    0x080019de   0x080019de   0x00000002   PAD
    0x080019e0   0x080019e0   0x00000048   Code   RO          372    i.InterruptTask_TIM3  interrupt_task.o
    0x08001a28   0x08001a28   0x0000000c   Code   RO          373    i.InterruptTask_TIM5  interrupt_task.o
    0x08001a34   0x08001a34   0x0000001c   Code   RO          744    i.Key_Init          bsp_key.o
    0x08001a50   0x08001a50   0x00000024   Code   RO          671    i.LED_Init          bsp_led.o
    0x08001a74   0x08001a74   0x00000080   Code   RO          672    i.LED_Task          bsp_led.o
    0x08001af4   0x08001af4   0x00000004   Code   RO          150    i.MemManage_Handler  stm32f4xx_it.o
    0x08001af8   0x08001af8   0x00000002   Code   RO          151    i.NMI_Handler       stm32f4xx_it.o
    0x08001afa   0x08001afa   0x00000002   PAD
    0x08001afc   0x08001afc   0x00000078   Code   RO          835    i.NVIC_Init         misc.o
    0x08001b74   0x08001b74   0x00000014   Code   RO          836    i.NVIC_PriorityGroupConfig  misc.o
    0x08001b88   0x08001b88   0x00000002   Code   RO          152    i.PendSV_Handler    stm32f4xx_it.o
    0x08001b8a   0x08001b8a   0x00000002   PAD
    0x08001b8c   0x08001b8c   0x00000020   Code   RO         3422    i.RCC_AHB1PeriphClockCmd  stm32f4xx_rcc.o
    0x08001bac   0x08001bac   0x00000020   Code   RO         3431    i.RCC_APB1PeriphClockCmd  stm32f4xx_rcc.o
    0x08001bcc   0x08001bcc   0x00000020   Code   RO         3433    i.RCC_APB1PeriphResetCmd  stm32f4xx_rcc.o
    0x08001bec   0x08001bec   0x00000020   Code   RO         3434    i.RCC_APB2PeriphClockCmd  stm32f4xx_rcc.o
    0x08001c0c   0x08001c0c   0x00000020   Code   RO         3436    i.RCC_APB2PeriphResetCmd  stm32f4xx_rcc.o
    0x08001c2c   0x08001c2c   0x000000e8   Code   RO         3443    i.RCC_GetClocksFreq  stm32f4xx_rcc.o
    0x08001d14   0x08001d14   0x00000018   Code   RO         4539    i.SPI_Cmd           stm32f4xx_spi.o
    0x08001d2c   0x08001d2c   0x000000b0   Code   RO         4546    i.SPI_I2S_DeInit    stm32f4xx_spi.o
    0x08001ddc   0x08001ddc   0x00000012   Code   RO         4547    i.SPI_I2S_GetFlagStatus  stm32f4xx_spi.o
    0x08001dee   0x08001dee   0x0000003c   Code   RO         4552    i.SPI_Init          stm32f4xx_spi.o
    0x08001e2a   0x08001e2a   0x00000002   Code   RO          153    i.SVC_Handler       stm32f4xx_it.o
    0x08001e2c   0x08001e2c   0x000001a8   Code   RO          520    i.Serial_Send       drv_uart.o
    0x08001fd4   0x08001fd4   0x0000001e   Code   RO          521    i.Serial_SendByte   drv_uart.o
    0x08001ff2   0x08001ff2   0x00000002   PAD
    0x08001ff4   0x08001ff4   0x000000ec   Code   RO            3    i.SetSysClock       system_stm32f4xx.o
    0x080020e0   0x080020e0   0x00000018   Code   RO          154    i.SysTick_Handler   stm32f4xx_it.o
    0x080020f8   0x080020f8   0x00000030   Code   RO          482    i.SysTick_Init      drv_systick.o
    0x08002128   0x08002128   0x00000068   Code   RO            5    i.SystemInit        system_stm32f4xx.o
    0x08002190   0x08002190   0x00000080   Code   RO          351    i.System_Init       init.o
    0x08002210   0x08002210   0x0000001a   Code   RO          155    i.TIM2_IRQHandler   stm32f4xx_it.o
    0x0800222a   0x0800222a   0x00000056   Code   RO          598    i.TIM2_Init         drv_timer.o
    0x08002280   0x08002280   0x00000020   Code   RO          156    i.TIM3_IRQHandler   stm32f4xx_it.o
    0x080022a0   0x080022a0   0x0000005c   Code   RO          599    i.TIM3_Init         drv_timer.o
    0x080022fc   0x080022fc   0x00000020   Code   RO          157    i.TIM5_IRQHandler   stm32f4xx_it.o
    0x0800231c   0x0800231c   0x0000005c   Code   RO          601    i.TIM5_Init         drv_timer.o
    0x08002378   0x08002378   0x00000006   Code   RO         4764    i.TIM_ClearITPendingBit  stm32f4xx_tim.o
    0x0800237e   0x0800237e   0x00000018   Code   RO         4769    i.TIM_Cmd           stm32f4xx_tim.o
    0x08002396   0x08002396   0x00000022   Code   RO         4790    i.TIM_GetITStatus   stm32f4xx_tim.o
    0x080023b8   0x080023b8   0x00000012   Code   RO         4794    i.TIM_ITConfig      stm32f4xx_tim.o
    0x080023ca   0x080023ca   0x00000002   PAD
    0x080023cc   0x080023cc   0x00000084   Code   RO         4841    i.TIM_TimeBaseInit  stm32f4xx_tim.o
    0x08002450   0x08002450   0x00000020   Code   RO          158    i.USART1_IRQHandler  stm32f4xx_it.o
    0x08002470   0x08002470   0x000000b4   Code   RO          522    i.USART1_Init       drv_uart.o
    0x08002524   0x08002524   0x00000020   Code   RO          159    i.USART2_IRQHandler  stm32f4xx_it.o
    0x08002544   0x08002544   0x000000b0   Code   RO          523    i.USART2_Init       drv_uart.o
    0x080025f4   0x080025f4   0x00000020   Code   RO          160    i.USART3_IRQHandler  stm32f4xx_it.o
    0x08002614   0x08002614   0x00000020   Code   RO          161    i.USART6_IRQHandler  stm32f4xx_it.o
    0x08002634   0x08002634   0x000000b0   Code   RO          525    i.USART6_Init       drv_uart.o
    0x080026e4   0x080026e4   0x0000001e   Code   RO         5316    i.USART_ClearITPendingBit  stm32f4xx_usart.o
    0x08002702   0x08002702   0x00000018   Code   RO         5319    i.USART_Cmd         stm32f4xx_usart.o
    0x0800271a   0x0800271a   0x0000001a   Code   RO         5322    i.USART_GetFlagStatus  stm32f4xx_usart.o
    0x08002734   0x08002734   0x0000004a   Code   RO         5325    i.USART_ITConfig    stm32f4xx_usart.o
    0x0800277e   0x0800277e   0x00000002   PAD
    0x08002780   0x08002780   0x000000d4   Code   RO         5326    i.USART_Init        stm32f4xx_usart.o
    0x08002854   0x08002854   0x00000008   Code   RO         5336    i.USART_SendData    stm32f4xx_usart.o
    0x0800285c   0x0800285c   0x00000004   Code   RO          162    i.UsageFault_Handler  stm32f4xx_it.o
    0x08002860   0x08002860   0x00000030   Code   RO         5708    i.__ARM_fpclassify  m_wm.l(fpclassify.o)
    0x08002890   0x08002890   0x0000005c   Code   RO          770    i.ad7606_IRQSrc     bsp_ad7606.o
    0x080028ec   0x080028ec   0x00000010   Code   RO          771    i.ad7606_ReadBytes  bsp_ad7606.o
    0x080028fc   0x080028fc   0x00000044   Code   RO          772    i.ad7606_Reset      bsp_ad7606.o
    0x08002940   0x08002940   0x000000d8   Code   RO          773    i.ad7606_SetOS      bsp_ad7606.o
    0x08002a18   0x08002a18   0x00000058   Code   RO          774    i.ad7606_StartConv  bsp_ad7606.o
    0x08002a70   0x08002a70   0x000000ac   Code   RO          775    i.bsp_InitAD7606    bsp_ad7606.o
    0x08002b1c   0x08002b1c   0x00000044   Code   RO          483    i.delay_ms          drv_systick.o
    0x08002b60   0x08002b60   0x000000c8   Code   RO          427    i.drv_spi_init      drv_spi.o
    0x08002c28   0x08002c28   0x00000054   Code   RO          428    i.drv_spi_read_write_byte  drv_spi.o
    0x08002c7c   0x08002c7c   0x00000068   Code   RO          528    i.itoa              drv_uart.o
    0x08002ce4   0x08002ce4   0x00000008   Code   RO          328    i.main              main.o
    0x08002cec   0x08002cec   0x0000002c   Code   RO         5704    locale$$code        c_w.l(lc_numeric_c.o)
    0x08002d18   0x08002d18   0x00000062   Code   RO         5619    x$fpl$d2f           fz_wm.l(d2f.o)
    0x08002d7a   0x08002d7a   0x0000002e   Code   RO         5622    x$fpl$dflt          fz_wm.l(dflt_clz.o)
    0x08002da8   0x08002da8   0x00000154   Code   RO         5627    x$fpl$dmul          fz_wm.l(dmul.o)
    0x08002efc   0x08002efc   0x0000009c   Code   RO         5643    x$fpl$dnaninf       fz_wm.l(dnaninf.o)
    0x08002f98   0x08002f98   0x0000000c   Code   RO         5645    x$fpl$dretinf       fz_wm.l(dretinf.o)
    0x08002fa4   0x08002fa4   0x00000056   Code   RO         5629    x$fpl$f2d           fz_wm.l(f2d.o)
    0x08002ffa   0x08002ffa   0x0000008c   Code   RO         5647    x$fpl$fnaninf       fz_wm.l(fnaninf.o)
    0x08003086   0x08003086   0x0000000a   Code   RO         5774    x$fpl$fpinit        fz_wm.l(fpinit.o)
    0x08003090   0x08003090   0x0000000a   Code   RO         5649    x$fpl$fretinf       fz_wm.l(fretinf.o)
    0x0800309a   0x0800309a   0x00000004   Code   RO         5631    x$fpl$printf1       fz_wm.l(printf1.o)
    0x0800309e   0x0800309e   0x00000000   Code   RO         5651    x$fpl$usenofp       fz_wm.l(usenofp.o)
    0x0800309e   0x0800309e   0x00000028   Data   RO         5575    .constdata          c_w.l(_printf_hex_int.o)
    0x080030c6   0x080030c6   0x00000002   PAD
    0x080030c8   0x080030c8   0x00000094   Data   RO         5679    .constdata          c_w.l(bigflt0.o)
    0x0800315c   0x0800315c   0x00000020   Data   RO         5849    Region$$Table       anon$$obj.o
    0x0800317c   0x0800317c   0x0000001c   Data   RO         5703    locale$$data        c_w.l(lc_numeric_c.o)


    Execution Region RW_IRAM2 (Exec base: 0x10000000, Load base: 0x080031d0, Size: 0x00000000, Max: 0x00010000, ABSOLUTE)

    **** No section assigned to this execution region ****


    Execution Region RW_IRAM1 (Exec base: 0x20000000, Load base: 0x08003198, Size: 0x000006a8, Max: 0x00020000, ABSOLUTE)

    Exec Addr    Load Addr    Size         Type   Attr      Idx    E Section Name        Object

    0x20000000   0x08003198   0x00000014   Data   RW            6    .data               system_stm32f4xx.o
    0x20000014   0x080031ac   0x00000004   Data   RW          485    .data               drv_systick.o
    0x20000018   0x080031b0   0x00000010   Data   RW          673    .data               bsp_led.o
    0x20000028   0x080031c0   0x00000010   Data   RW         3475    .data               stm32f4xx_rcc.o
    0x20000038        -       0x00000010   Zero   RW          776    .bss                bsp_ad7606.o
    0x20000048        -       0x00000060   Zero   RW         5711    .bss                c_w.l(libspace.o)
    0x200000a8        -       0x00000200   Zero   RW          827    HEAP                startup_stm32f40_41xxx.o
    0x200002a8        -       0x00000400   Zero   RW          826    STACK               startup_stm32f40_41xxx.o


==============================================================================

Image component sizes


      Code (inc. data)   RO Data    RW Data    ZI Data      Debug   Object Name

       724         72          0          0         16       4561   bsp_ad7606.o
        28          6          0          0          0        472   bsp_beep.o
        28          4          0          0          0        463   bsp_key.o
       164         16          0         16          0       1158   bsp_led.o
       544        132          0          0          0       1431   drv_gpio.o
       284         16          0          0          0     239097   drv_spi.o
       116         16          0          4          0       1218   drv_systick.o
       270          8          0          0          0       2028   drv_timer.o
      1090         42          0          0          0       5641   drv_uart.o
       128          4          0          0          0        502   init.o
        86         24          0          0          0       1423   interrupt_task.o
         8          0          0          0          0        427   main.o
       140         24          0          0          0       1479   misc.o
        64         26        392          0       1536        828   startup_stm32f40_41xxx.o
       770         14          0          0          0       4080   stm32f4xx_can.o
        12          6          0          0          0        521   stm32f4xx_exti.o
       222          0          0          0          0       2783   stm32f4xx_gpio.o
       362         52          0          0          0       9519   stm32f4xx_it.o
       392         48          0         16          0       5657   stm32f4xx_rcc.o
       278         24          0          0          0       2926   stm32f4xx_spi.o
       214         28          0          0          0       3558   stm32f4xx_tim.o
       374          8          0          0          0       4643   stm32f4xx_usart.o
       340         32          0         20          0     297885   system_stm32f4xx.o

    ----------------------------------------------------------------------
      6652        602        424         56       1552     592300   Object Totals
         0          0         32          0          0          0   (incl. Generated)
        14          0          0          0          0          0   (incl. Padding)

    ----------------------------------------------------------------------

      Code (inc. data)   RO Data    RW Data    ZI Data      Debug   Library Member Name

         8          0          0          0          0         68   __main.o
       104          0          0          0          0         84   __printf.o
         0          0          0          0          0          0   __rtentry.o
        12          0          0          0          0          0   __rtentry2.o
         6          0          0          0          0          0   __rtentry4.o
        52          8          0          0          0          0   __scatter.o
        26          0          0          0          0          0   __scatter_copy.o
        28          0          0          0          0          0   __scatter_zi.o
        48          6          0          0          0         96   _printf_char_common.o
         6          0          0          0          0          0   _printf_f.o
      1054          0          0          0          0        216   _printf_fp_dec.o
       128         16          0          0          0         84   _printf_fp_infnan.o
        88          4         40          0          0         88   _printf_hex_int.o
       178          0          0          0          0         88   _printf_intcommon.o
         0          0          0          0          0          0   _printf_percent.o
         4          0          0          0          0          0   _printf_percent_end.o
         6          0          0          0          0          0   _printf_x.o
        10          0          0          0          0         68   _sputc.o
       228          4        148          0          0         96   bigflt0.o
      1936        128          0          0          0        672   btod.o
        18          0          0          0          0         80   exit.o
         6          0          0          0          0        152   heapauxi.o
         0          0          0          0          0          0   indicate_semi.o
        44         10         28          0          0         76   lc_numeric_c.o
         2          0          0          0          0          0   libinit.o
        22          0          0          0          0          0   libinit2.o
         2          0          0          0          0          0   libshutdown.o
         2          0          0          0          0          0   libshutdown2.o
         8          4          0          0         96         68   libspace.o
       138          0          0          0          0         80   lludiv10.o
        40          6          0          0          0         84   noretval__2sprintf.o
         8          4          0          0          0         68   rt_locale_intlibspace.o
         2          0          0          0          0          0   rtexit.o
        10          0          0          0          0          0   rtexit2.o
       128          0          0          0          0         68   strcmpv7m.o
        12          4          0          0          0         68   sys_exit.o
        74          0          0          0          0         80   sys_stackheap_outer.o
         2          0          0          0          0         68   use_no_semi.o
        98          4          0          0          0        140   d2f.o
        46          0          0          0          0        116   dflt_clz.o
       340         12          0          0          0        152   dmul.o
       156          4          0          0          0        140   dnaninf.o
        12          0          0          0          0        116   dretinf.o
        86          4          0          0          0        132   f2d.o
       140          4          0          0          0        132   fnaninf.o
        10          0          0          0          0        116   fpinit.o
        10          0          0          0          0        116   fretinf.o
         4          0          0          0          0        116   printf1.o
         0          0          0          0          0          0   usenofp.o
        48          0          0          0          0        124   fpclassify.o

    ----------------------------------------------------------------------
      5402        222        218          0         96       3852   Library Totals
        12          0          2          0          0          0   (incl. Padding)

    ----------------------------------------------------------------------

      Code (inc. data)   RO Data    RW Data    ZI Data      Debug   Library Name

      4440        194        216          0         96       2452   c_w.l
       902         28          0          0          0       1276   fz_wm.l
        48          0          0          0          0        124   m_wm.l

    ----------------------------------------------------------------------
      5402        222        218          0         96       3852   Library Totals

    ----------------------------------------------------------------------

==============================================================================


      Code (inc. data)   RO Data    RW Data    ZI Data      Debug   

     12054        824        642         56       1648     585852   Grand Totals
     12054        824        642         56       1648     585852   ELF Image Totals
     12054        824        642         56          0          0   ROM Totals

==============================================================================

    Total RO  Size (Code + RO Data)                12696 (  12.40kB)
    Total RW  Size (RW Data + ZI Data)              1704 (   1.66kB)
    Total ROM Size (Code + RO Data + RW Data)      12752 (  12.45kB)

==============================================================================

